<html>
<body>
<pre>
<h1>µVision Build Log</h1>
<h2>Tool Versions:</h2>
IDE-Version: ¦ÌVision V5.43.1.0
Copyright (C) 2025 ARM Ltd and ARM Germany GmbH. All rights reserved.
License Information: qj xuqianjx
xcla
User-based license: Keil MDK Community (non-commercial free of charge)
Valid until: Jun 1 2033. Cached until: Jun 1 2026
 
Tool Versions:
Toolchain:       Keil MDK Community (non-commercial free of charge  Version: 5.43.0.0
Toolchain Path:  C:\Users\xuqianjx\AppData\Local\Keil_v5\ARM\ARMCLANG\Bin
C Compiler:      ArmClang.exe V6.24
Assembler:       Armasm.exe V6.24
Linker/Locator:  ArmLink.exe V6.24
Library Manager: ArmAr.exe V6.24
Hex Converter:   FromElf.exe V6.24
CPU DLL:         SARMCM3.DLL V5.43.0.0
Dialog DLL:      DCM.DLL V1.17.5.0
Target DLL:      STLink\ST-LINKIII-KEIL_SWO.dll V3.3.1.0
Dialog DLL:      TCM.DLL V1.56.6.0
 
<h2>Project:</h2>
C:\Users\xuqianjx\OneDrive - Intel Corporation\Desktop\ai_tempcontroller\ai_tempconroler\MDK-ARM\ai_tempconroler.uvprojx
Project File Date:  05/25/2026

<h2>Output:</h2>
*** Using Compiler 'V6.24', folder: 'C:\Users\xuqianjx\AppData\Local\Keil_v5\ARM\ARMCLANG\Bin'
Rebuild target 'ai_tempconroler'
compiling stm32f4xx_hal_msp.c...
compiling gpio.c...
compiling stm32f4xx_hal_timebase_tim.c...
compiling bsp_driver_sram.c...
compiling fatfs.c...
assembling startup_stm32f407xx.s...
compiling stm32f4xx_it.c...
compiling fsmc.c...
compiling sram_diskio.c...
compiling main.c...
compiling freertos.c...
compiling libjpeg.c...
compiling jdata_conf.c...
compiling stm32f4xx_hal_rcc_ex.c...
compiling stm32f4xx_hal_rcc.c...
compiling stm32f4xx_hal_flash.c...
compiling stm32f4xx_hal_flash_ex.c...
compiling stm32f4xx_hal_flash_ramfunc.c...
compiling stm32f4xx_hal_gpio.c...
compiling stm32f4xx_hal_dma_ex.c...
compiling stm32f4xx_hal_pwr.c...
compiling stm32f4xx_hal_pwr_ex.c...
compiling stm32f4xx_hal_tim_ex.c...
compiling stm32f4xx_hal_dma.c...
compiling stm32f4xx_hal_cortex.c...
compiling stm32f4xx_hal.c...
compiling stm32f4xx_hal_exti.c...
compiling stm32f4xx_hal_nor.c...
compiling stm32f4xx_ll_fsmc.c...
compiling stm32f4xx_hal_nand.c...
compiling stm32f4xx_hal_pccard.c...
compiling system_stm32f4xx.c...
compiling stm32f4xx_hal_sram.c...
compiling diskio.c...
compiling croutine.c...
compiling ff_gen_drv.c...
compiling syscall.c...
compiling list.c...
compiling event_groups.c...
compiling stream_buffer.c...
compiling timers.c...
compiling heap_4.c...
compiling port.c...
compiling queue.c...
compiling jcapistd.c...
compiling jcapimin.c...
compiling cmsis_os.c...
compiling jdapimin.c...
compiling jdapistd.c...
compiling jcomapi.c...
compiling stm32f4xx_hal_tim.c...
compiling jctrans.c...
compiling tasks.c...
compiling jdtrans.c...
compiling jcinit.c...
compiling jcmainct.c...
compiling jcprepct.c...
compiling jcparam.c...
compiling jccoefct.c...
compiling jcmaster.c...
compiling jfdctfst.c...
compiling jccolor.c...
compiling jfdctflt.c...
compiling jcdctmgr.c...
compiling jcsample.c...
compiling jdatadst.c...
compiling jcarith.c...
compiling jdmaster.c...
compiling jdinput.c...
compiling jdpostct.c...
compiling jdmainct.c...
compiling jdcoefct.c...
compiling jcmarker.c...
compiling jddctmgr.c...
compiling jidctfst.c...
compiling jdarith.c...
compiling jidctflt.c...
compiling jdsample.c...
compiling jdmerge.c...
compiling jdmarker.c...
compiling jdcolor.c...
compiling ff.c...
compiling jquant1.c...
compiling jdatasrc.c...
compiling jchuff.c...
compiling jaricom.c...
compiling jerror.c...
compiling jdhuff.c...
compiling jutils.c...
compiling jmemmgr.c...
compiling jmemnobs.c...
compiling bsp_stubs.c...
compiling display_drv.c...
compiling tianji_data.c...
compiling jquant2.c...
compiling touch_drv.c...
compiling jfdctint.c...
compiling tianji_dial.c...
compiling tianji_particles.c...
compiling tianji_voice.c...
../UI/Core/Src/tianji_ui.c(129): warning: implicit conversion from 'int' to 'uint16_t' (aka 'unsigned short') changes value from 2763338 to 10826 [-Wconstant-conversion]
  127 |         uint16_t color = (ui->current_temp >= tianji_cultivation_levels[i].minTemp &&
      |                  ~~~~~
  128 |                          ui->current_temp < tianji_cultivation_levels[i].maxTemp)
  129 |                          ? cult->color : 0x2A2A4A;
      |                                          ^~~~~~~~
../UI/Core/Src/tianji_ui.c(131): warning: result of comparison of constant 2763338 with expression of type 'uint16_t' (aka 'unsigned short') is always true [-Wtautological-constant-out-of-range-compare]
  131 |         if (color != 0x2A2A4A) {
      |             ~~~~~ ^  ~~~~~~~~
../UI/Core/Src/tianji_ui.c(269): warning: incompatible pointer types passing 'struct tj_voice_s *' to parameter of type 'tj_voice_t *' [-Wincompatible-pointer-types]
  269 |     tj_voice_set_state(ui->voice, TJ_VOICE_PROCESSING);
      |                        ^~~~~~~~~
../UI/Core/Inc\tianji_voice.h(64): note: passing argument to parameter 'vc' here
   64 | void tj_voice_set_state(tj_voice_t *vc, tj_voice_state_t state);
      |                                     ^
../UI/Core/Src/tianji_ui.c(270): warning: incompatible pointer types passing 'struct tj_voice_s *' to parameter of type 'tj_voice_t *' [-Wincompatible-pointer-types]
  270 |     tj_voice_set_text(ui->voice, "\xE5\xA4\x84\xE7\x90\x86\xE4\xB8\xAD...");
      |                       ^~~~~~~~~
../UI/Core/Inc\tianji_voice.h(74): note: passing argument to parameter 'vc' here
   74 | void tj_voice_set_text(tj_voice_t *vc, const char *text);
      |                                    ^
../UI/Core/Src/tianji_ui.c(302): warning: incompatible pointer types assigning to 'struct tj_particle_helix_s *' from 'tj_particle_helix_t *' [-Wincompatible-pointer-types]
  302 |     ui->particles = tj_particles_create(
      |                   ^ ~~~~~~~~~~~~~~~~~~~~
  303 |         lv_scr_act(),
      |         ~~~~~~~~~~~~~
  304 |         35, TIANJI_DIAL_Y + 10,
      |         ~~~~~~~~~~~~~~~~~~~~~~~
  305 |         170, 170,
      |         ~~~~~~~~~
  306 |         TIANJI_COLOR_NEON_GREEN,
      |         ~~~~~~~~~~~~~~~~~~~~~~~~
  307 |         TIANJI_COLOR_ICE_BLUE
      |         ~~~~~~~~~~~~~~~~~~~~~
  308 |     );
      |     ~
../UI/Core/Src/tianji_ui.c(310): warning: incompatible pointer types passing 'struct tj_particle_helix_s *' to parameter of type 'tj_particle_helix_t *' [-Wincompatible-pointer-types]
  310 |         tj_particles_set_speed(ui->particles, 4);
      |                                ^~~~~~~~~~~~~
../UI/Core/Inc\tianji_particles.h(82): note: passing argument to parameter 'helix' here
   82 | void tj_particles_set_speed(tj_particle_helix_t *helix, uint8_t speed);
      |                                                  ^
../UI/Core/Src/tianji_ui.c(311): warning: incompatible pointer types passing 'struct tj_particle_helix_s *' to parameter of type 'tj_particle_helix_t *' [-Wincompatible-pointer-types]
  311 |         tj_particles_start(ui->particles);
      |                            ^~~~~~~~~~~~~
../UI/Core/Inc\tianji_particles.h(87): note: passing argument to parameter 'helix' here
   87 | void tj_particles_start(tj_particle_helix_t *helix);
      |                                              ^
../UI/Core/Src/tianji_ui.c(315): warning: incompatible pointer types assigning to 'struct tj_dial_s *' from 'tj_dial_t *' [-Wincompatible-pointer-types]
  315 |     ui->dial = tj_dial_create(lv_scr_act(), 30, TIANJI_DIAL_Y + 5);
      |              ^ ~~~~~~~~~~~~~~~~~~~~~~~~~~~~~~~~~~~~~~~~~~~~~~~~~~~
../UI/Core/Src/tianji_ui.c(316): warning: incompatible pointer types passing 'struct tj_dial_s *' to parameter of type 'tj_dial_t *' [-Wincompatible-pointer-types]
  316 |     tj_dial_set_temp(ui->dial, ui->current_temp);
      |                      ^~~~~~~~
../UI/Core/Inc\tianji_dial.h(68): note: passing argument to parameter 'dial' here
   68 | void tj_dial_set_temp(tj_dial_t *dial, int16_t temp_tenth);
      |                                  ^
../UI/Core/Src/tianji_ui.c(323): warning: incompatible pointer types assigning to 'struct tj_voice_s *' from 'tj_voice_t *' [-Wincompatible-pointer-types]
  323 |     ui->voice = tj_voice_create(lv_scr_act(), 70, TIANJI_VOICE_Y);
      |               ^ ~~~~~~~~~~~~~~~~~~~~~~~~~~~~~~~~~~~~~~~~~~~~~~~~~
../UI/Core/Src/tianji_ui.c(324): warning: incompatible pointer types passing 'struct tj_voice_s *' to parameter of type 'tj_voice_t *' [-Wincompatible-pointer-types]
  324 |     tj_voice_set_callback(ui->voice, voice_activated, ui);
      |                           ^~~~~~~~~
../UI/Core/Inc\tianji_voice.h(79): note: passing argument to parameter 'vc' here
   79 | void tj_voice_set_callback(tj_voice_t *vc, void (*cb)(void*), void *user);
      |                                        ^
../UI/Core/Src/tianji_ui.c(338): warning: incompatible pointer types passing 'struct tj_particle_helix_s *' to parameter of type 'tj_particle_helix_t *' [-Wincompatible-pointer-types]
  338 |     if (ui->particles) tj_particles_destroy(ui->particles);
      |                                             ^~~~~~~~~~~~~
../UI/Core/Inc\tianji_particles.h(76): note: passing argument to parameter 'helix' here
   76 | void tj_particles_destroy(tj_particle_helix_t *helix);
      |                                                ^
../UI/Core/Src/tianji_ui.c(339): warning: incompatible pointer types passing 'struct tj_dial_s *' to parameter of type 'tj_dial_t *' [-Wincompatible-pointer-types]
  339 |     if (ui->dial) tj_dial_destroy(ui->dial);
      |                                   ^~~~~~~~
../UI/Core/Inc\tianji_dial.h(63): note: passing argument to parameter 'dial' here
   63 | void tj_dial_destroy(tj_dial_t *dial);
      |                                 ^
../UI/Core/Src/tianji_ui.c(340): warning: incompatible pointer types passing 'struct tj_voice_s *' to parameter of type 'tj_voice_t *' [-Wincompatible-pointer-types]
  340 |     if (ui->voice) tj_voice_destroy(ui->voice);
      |                                     ^~~~~~~~~
../UI/Core/Inc\tianji_voice.h(59): note: passing argument to parameter 'vc' here
   59 | void tj_voice_destroy(tj_voice_t *vc);
      |                                   ^
../UI/Core/Src/tianji_ui.c(357): warning: incompatible pointer types passing 'struct tj_dial_s *' to parameter of type 'tj_dial_t *' [-Wincompatible-pointer-types]
  357 |         tj_dial_set_temp(ui->dial, temp_tenth);
      |                          ^~~~~~~~
../UI/Core/Inc\tianji_dial.h(68): note: passing argument to parameter 'dial' here
   68 | void tj_dial_set_temp(tj_dial_t *dial, int16_t temp_tenth);
      |                                  ^
../UI/Core/Src/tianji_ui.c(364): warning: incompatible pointer types passing 'struct tj_particle_helix_s *' to parameter of type 'tj_particle_helix_t *' [-Wincompatible-pointer-types]
  364 |         tj_particles_set_speed(ui->particles, speed);
      |                                ^~~~~~~~~~~~~
../UI/Core/Inc\tianji_particles.h(82): note: passing argument to parameter 'helix' here
   82 | void tj_particles_set_speed(tj_particle_helix_t *helix, uint8_t speed);
      |                                                  ^
../UI/Core/Src/tianji_ui.c(372): warning: incompatible pointer types passing 'struct tj_dial_s *' to parameter of type 'tj_dial_t *' [-Wincompatible-pointer-types]
  372 |         ui->current_temp = tj_dial_get_temp(ui->dial);
      |                                             ^~~~~~~~
../UI/Core/Inc\tianji_dial.h(73): note: passing argument to parameter 'dial' here
   73 | int16_t tj_dial_get_temp(tj_dial_t *dial);
      |                                     ^
../UI/Core/Src/tianji_ui.c(381): warning: incompatible pointer types passing 'struct tj_voice_s *' to parameter of type 'tj_voice_t *' [-Wincompatible-pointer-types]
  381 |     tj_voice_set_state(ui->voice, TJ_VOICE_RESPONDING);
      |                        ^~~~~~~~~
../UI/Core/Inc\tianji_voice.h(64): note: passing argument to parameter 'vc' here
   64 | void tj_voice_set_state(tj_voice_t *vc, tj_voice_state_t state);
      |                                     ^
../UI/Core/Src/tianji_ui.c(386): warning: incompatible pointer types passing 'struct tj_voice_s *' to parameter of type 'tj_voice_t *' [-Wincompatible-pointer-types]
  386 |         tj_voice_set_text(ui->voice, buf);
      |                           ^~~~~~~~~
../UI/Core/Inc\tianji_voice.h(74): note: passing argument to parameter 'vc' here
   74 | void tj_voice_set_text(tj_voice_t *vc, const char *text);
      |                                    ^
../UI/Core/Src/tianji_ui.c(389): warning: incompatible pointer types passing 'struct tj_voice_s *' to parameter of type 'tj_voice_t *' [-Wincompatible-pointer-types]
  389 |         tj_voice_set_text(ui->voice, cmd ? cmd : "\xE5\xB7\xB2\xE6\x89\xA7\xE8\xA1\x8C");
      |                           ^~~~~~~~~
../UI/Core/Inc\tianji_voice.h(74): note: passing argument to parameter 'vc' here
   74 | void tj_voice_set_text(tj_voice_t *vc, const char *text);
      |                                    ^
20 warnings generated.
compiling tianji_ui.c...
compiling ili9341.c...
compiling lcd_io_fsmc.c...
compiling xpt2046.c...
compiling lv_disp.c...
../Drivers/BSP/Adafruit_Shield/stm32_adafruit_lcd.c(89): warning: 'NULL' macro redefined [-Wmacro-redefined]
   89 | #define NULL                  (void *)0
      |         ^
C:\Users\xuqianjx\AppData\Local\Keil_v5\ARM\ARMCLANG\bin\..\include\stddef.h(84): note: previous definition is here
   84 | #define NULL 0
      |         ^
1 warning generated.
compiling stm32_adafruit_lcd.c...
compiling lv_group.c...
compiling jidctint.c...
compiling lv_event.c...
compiling lv_indev_scroll.c...
compiling lv_indev.c...
compiling lv_obj_class.c...
compiling lv_obj_draw.c...
compiling lv_gpu_arm2d.c...
compiling lv_draw.c...
compiling lv_obj_scroll.c...
compiling lv_theme.c...
compiling lv_obj.c...
compiling lv_obj_style_gen.c...
compiling lv_obj_tree.c...
compiling lv_draw_arc.c...
compiling lv_obj_pos.c...
compiling lv_obj_style.c...
compiling lv_draw_img.c...
compiling lv_draw_line.c...
compiling lv_draw_layer.c...
compiling lv_draw_rect.c...
compiling lv_draw_transform.c...
compiling lv_refr.c...
compiling lv_draw_label.c...
compiling lv_draw_triangle.c...
compiling lv_img_buf.c...
compiling lv_draw_pxp.c...
compiling lv_img_cache.c...
compiling lv_draw_pxp_blend.c...
compiling lv_gpu_nxp_pxp_osa.c...
compiling lv_gpu_nxp_pxp.c...
compiling lv_img_decoder.c...
compiling lv_draw_vglite.c...
compiling lv_draw_vglite_arc.c...
compiling lv_draw_vglite_blend.c...
compiling lv_draw_vglite_line.c...
compiling lv_draw_mask.c...
compiling lv_draw_vglite_rect.c...
compiling lv_vglite_buf.c...
compiling lv_vglite_utils.c...
compiling lv_draw_sdl.c...
compiling lv_gpu_d2_draw_label.c...
compiling lv_draw_sdl_arc.c...
compiling lv_draw_sdl_bg.c...
compiling lv_draw_sdl_composite.c...
compiling lv_draw_sdl_img.c...
compiling lv_gpu_d2_ra6m3.c...
compiling lv_draw_sdl_layer.c...
compiling lv_draw_sdl_label.c...
compiling lv_draw_sdl_line.c...
compiling lv_draw_sdl_mask.c...
compiling lv_draw_sdl_polygon.c...
compiling lv_draw_sdl_texture_cache.c...
compiling lv_draw_sdl_rect.c...
compiling lv_draw_sdl_stack_blur.c...
compiling lv_draw_sdl_utils.c...
compiling lv_gpu_stm32_dma2d.c...
compiling lv_draw_sw.c...
compiling lv_draw_sw_dither.c...
compiling lv_draw_sw_arc.c...
compiling lv_draw_sw_gradient.c...
compiling lv_draw_sw_layer.c...
compiling lv_draw_sw_img.c...
compiling lv_draw_sw_letter.c...
compiling lv_draw_sw_line.c...
compiling lv_gpu_swm341_dma2d.c...
compiling lv_draw_sw_polygon.c...
compiling lv_grid.c...
compiling lv_draw_sw_blend.c...
compiling lv_bmp.c...
compiling lv_ffmpeg.c...
compiling lv_freetype.c...
compiling lv_draw_sw_transform.c...
compiling lv_fs_fatfs.c...
compiling lv_flex.c...
compiling lv_fs_littlefs.c...
compiling lv_fs_posix.c...
compiling lv_fs_win32.c...
compiling lv_fs_stdio.c...
compiling lv_draw_sw_rect.c...
compiling gifdec.c...
compiling lv_gif.c...
compiling lv_png.c...
compiling lodepng.c...
compiling lv_qrcode.c...
compiling tjpgd.c...
compiling lv_sjpg.c...
compiling lv_rlottie.c...
compiling lv_fragment.c...
compiling lv_tiny_ttf.c...
compiling lv_fragment_manager.c...
compiling lv_extra.c...
compiling lv_gridnav.c...
compiling lv_ime_pinyin.c...
compiling lv_imgfont.c...
compiling lv_monkey.c...
compiling lv_msg.c...
compiling lv_snapshot.c...
compiling lv_calendar.c...
compiling lv_animimg.c...
compiling lv_theme_basic.c...
compiling lv_theme_mono.c...
compiling lv_calendar_header_arrow.c...
compiling lv_theme_default.c...
compiling lv_calendar_header_dropdown.c...
compiling lv_chart.c...
compiling lv_keyboard.c...
compiling lv_list.c...
compiling lv_colorwheel.c...
compiling lv_led.c...
compiling lv_imgbtn.c...
compiling lv_menu.c...
compiling qrcodegen.c...
compiling lv_msgbox.c...
compiling lv_span.c...
compiling lv_spinbox.c...
compiling lv_tileview.c...
compiling lv_tabview.c...
compiling lv_spinner.c...
compiling lv_meter.c...
compiling lv_font.c...
compiling lv_win.c...
compiling lv_font_dejavu_16_persian_hebrew.c...
compiling lv_font_montserrat_10.c...
compiling lv_font_montserrat_12.c...
compiling lv_font_montserrat_12_subpx.c...
compiling lv_font_fmt_txt.c...
compiling lv_font_montserrat_18.c...
compiling lv_font_montserrat_16.c...
compiling lv_font_montserrat_14.c...
compiling lv_font_loader.c...
compiling lv_font_montserrat_22.c...
compiling lv_font_montserrat_20.c...
compiling lv_font_montserrat_26.c...
compiling lv_font_montserrat_24.c...
compiling lv_font_montserrat_28_compressed.c...
compiling lv_font_montserrat_28.c...
compiling lv_font_montserrat_34.c...
compiling lv_font_montserrat_38.c...
compiling lv_font_montserrat_32.c...
compiling lv_font_montserrat_42.c...
compiling lv_font_montserrat_36.c...
compiling lv_font_montserrat_44.c...
compiling lv_font_montserrat_46.c...
compiling lv_font_montserrat_40.c...
compiling lv_font_montserrat_8.c...
compiling lv_font_simsun_16_cjk.c...
compiling lv_font_unscii_16.c...
compiling lv_font_montserrat_48.c...
compiling lv_hal_tick.c...
compiling lv_font_unscii_8.c...
compiling lv_hal_indev.c...
compiling lv_anim.c...
compiling lv_hal_disp.c...
compiling lv_async.c...
compiling lv_bidi.c...
compiling lv_area.c...
compiling lv_font_montserrat_30.c...
compiling lv_gc.c...
compiling lv_color.c...
compiling lv_fs.c...
compiling lv_log.c...
compiling lv_ll.c...
compiling lv_math.c...
compiling lv_lru.c...
compiling lv_mem.c...
compiling lv_templ.c...
compiling lv_txt_ap.c...
compiling lv_style.c...
compiling lv_timer.c...
compiling lv_printf.c...
compiling lv_utils.c...
compiling lv_style_gen.c...
compiling lv_txt.c...
compiling lv_btnmatrix.c...
compiling lv_btn.c...
compiling lv_tlsf.c...
compiling lv_bar.c...
compiling lv_checkbox.c...
compiling lv_dropdown.c...
compiling lv_arc.c...
compiling lv_objx_templ.c...
compiling lv_roller.c...
compiling lv_anim_timeline.c...
compiling lv_img.c...
compiling lv_canvas.c...
compiling lv_line.c...
compiling lv_switch.c...
compiling lv_textarea.c...
compiling lv_table.c...
compiling lv_label.c...
compiling lv_slider.c...
linking...
Program Size: Code=186728 RO-data=117132 RW-data=156 ZI-data=61300  
FromELF: creating hex file...
"ai_tempconroler\ai_tempconroler.axf" - 0 Error(s), 21 Warning(s).

<h2>Software Packages used:</h2>

Package Vendor: ARM
                https://www.keil.com/pack/ARM.CMSIS.6.2.0.pack
                ARM::CMSIS@6.2.0
                CMSIS (Common Microcontroller Software Interface Standard)
   * Component: CORE Version: 6.1.1

Package Vendor: Keil
                https://www.keil.com/pack/Keil.STM32F4xx_DFP.2.17.1.pack
                Keil::STM32F4xx_DFP@2.17.1
                STMicroelectronics STM32F4 Series Device Support, Drivers and Examples

<h2>Collection of Component include folders:</h2>
  ./RTE/_ai_tempconroler
  C:/Users/xuqianjx/AppData/Local/Arm/Packs/ARM/CMSIS/6.2.0/CMSIS/Core/Include
  C:/Users/xuqianjx/AppData/Local/Arm/Packs/Keil/STM32F4xx_DFP/2.17.1/Drivers/CMSIS/Device/ST/STM32F4xx/Include

<h2>Collection of Component Files used:</h2>

   * Component: ARM::CMSIS:CORE@6.1.1
      Include file:  CMSIS/Core/Include/tz_context.h
Build Time Elapsed:  00:01:54
</pre>
</body>
</html>
