<!doctype html public "-//w3c//dtd html 4.0 transitional//en">
<html><head>
<title>Static Call Graph - [ai_tempconroler\ai_tempconroler.axf]</title></head>
<body><HR>
<H1>Static Call Graph for image ai_tempconroler\ai_tempconroler.axf</H1><HR>
<BR><P>#&#060CALLGRAPH&#062# ARM Linker, 6240002: Last Updated: Mon May 25 22:53:52 2026
<BR><P>
<H3>Maximum Stack Usage =       1104 bytes + Unknown(Cycles, Untraceable Function Pointers)</H3><H3>
Call chain for Maximum Stack Depth:</H3>
_lv_disp_refr_timer &rArr; refr_area_part &rArr; lv_draw_img &rArr; lv_draw_label &rArr; lv_txt_get_size &rArr; _lv_txt_get_next_line &rArr; lv_font_get_glyph_width &rArr; _lv_log_add &rArr; __2printf
<P>
<H3>
Mutually Recursive functions
</H3> <LI><a href="#[1c]">ADC_IRQHandler</a>&nbsp;&nbsp;&nbsp;&rArr;&nbsp;&nbsp;&nbsp;<a href="#[1c]">ADC_IRQHandler</a><BR>
 <LI><a href="#[1]">NMI_Handler</a>&nbsp;&nbsp;&nbsp;&rArr;&nbsp;&nbsp;&nbsp;<a href="#[1]">NMI_Handler</a><BR>
 <LI><a href="#[2b1]">refresh_children_style</a>&nbsp;&nbsp;&nbsp;&rArr;&nbsp;&nbsp;&nbsp;<a href="#[2b1]">refresh_children_style</a><BR>
 <LI><a href="#[273]">lv_obj_transform_point</a>&nbsp;&nbsp;&nbsp;&rArr;&nbsp;&nbsp;&nbsp;<a href="#[273]">lv_obj_transform_point</a><BR>
 <LI><a href="#[29c]">lv_obj_construct</a>&nbsp;&nbsp;&nbsp;&rArr;&nbsp;&nbsp;&nbsp;<a href="#[29c]">lv_obj_construct</a><BR>
 <LI><a href="#[188]">apply_theme</a>&nbsp;&nbsp;&nbsp;&rArr;&nbsp;&nbsp;&nbsp;<a href="#[188]">apply_theme</a><BR>
 <LI><a href="#[178]">lv_obj_move_children_by</a>&nbsp;&nbsp;&nbsp;&rArr;&nbsp;&nbsp;&nbsp;<a href="#[178]">lv_obj_move_children_by</a><BR>
 <LI><a href="#[13c]">lv_obj_update_layout</a>&nbsp;&nbsp;&nbsp;&rArr;&nbsp;&nbsp;&nbsp;<a href="#[1fd]">layout_update_core</a><BR>
 <LI><a href="#[1fd]">layout_update_core</a>&nbsp;&nbsp;&nbsp;&rArr;&nbsp;&nbsp;&nbsp;<a href="#[1fd]">layout_update_core</a><BR>
 <LI><a href="#[2b4]">report_style_change_core</a>&nbsp;&nbsp;&nbsp;&rArr;&nbsp;&nbsp;&nbsp;<a href="#[2b4]">report_style_change_core</a><BR>
 <LI><a href="#[2ae]">lv_obj_redraw</a>&nbsp;&nbsp;&nbsp;&rArr;&nbsp;&nbsp;&nbsp;<a href="#[2af]">refr_obj</a><BR>
 <LI><a href="#[2c5]">lv_refr_get_top_obj</a>&nbsp;&nbsp;&nbsp;&rArr;&nbsp;&nbsp;&nbsp;<a href="#[2c5]">lv_refr_get_top_obj</a><BR>
 <LI><a href="#[271]">lv_obj_is_editable</a>&nbsp;&nbsp;&nbsp;&rArr;&nbsp;&nbsp;&nbsp;<a href="#[271]">lv_obj_is_editable</a><BR>
 <LI><a href="#[1f1]">lv_indev_search_obj</a>&nbsp;&nbsp;&nbsp;&rArr;&nbsp;&nbsp;&nbsp;<a href="#[1f1]">lv_indev_search_obj</a><BR>
 <LI><a href="#[187]">_vsnprintf</a>&nbsp;&nbsp;&nbsp;&rArr;&nbsp;&nbsp;&nbsp;<a href="#[187]">_vsnprintf</a><BR>
</UL>
<P>
<H3>
Function Pointers
</H3><UL>
 <LI><a href="#[1c]">ADC_IRQHandler</a> from startup_stm32f407xx.o(.text) referenced from startup_stm32f407xx.o(RESET)
 <LI><a href="#[4]">BusFault_Handler</a> from stm32f4xx_it.o(.text.BusFault_Handler) referenced from startup_stm32f407xx.o(RESET)
 <LI><a href="#[1e]">CAN1_RX0_IRQHandler</a> from startup_stm32f407xx.o(.text) referenced from startup_stm32f407xx.o(RESET)
 <LI><a href="#[1f]">CAN1_RX1_IRQHandler</a> from startup_stm32f407xx.o(.text) referenced from startup_stm32f407xx.o(RESET)
 <LI><a href="#[20]">CAN1_SCE_IRQHandler</a> from startup_stm32f407xx.o(.text) referenced from startup_stm32f407xx.o(RESET)
 <LI><a href="#[1d]">CAN1_TX_IRQHandler</a> from startup_stm32f407xx.o(.text) referenced from startup_stm32f407xx.o(RESET)
 <LI><a href="#[4a]">CAN2_RX0_IRQHandler</a> from startup_stm32f407xx.o(.text) referenced from startup_stm32f407xx.o(RESET)
 <LI><a href="#[4b]">CAN2_RX1_IRQHandler</a> from startup_stm32f407xx.o(.text) referenced from startup_stm32f407xx.o(RESET)
 <LI><a href="#[4c]">CAN2_SCE_IRQHandler</a> from startup_stm32f407xx.o(.text) referenced from startup_stm32f407xx.o(RESET)
 <LI><a href="#[49]">CAN2_TX_IRQHandler</a> from startup_stm32f407xx.o(.text) referenced from startup_stm32f407xx.o(RESET)
 <LI><a href="#[58]">DCMI_IRQHandler</a> from startup_stm32f407xx.o(.text) referenced from startup_stm32f407xx.o(RESET)
 <LI><a href="#[15]">DMA1_Stream0_IRQHandler</a> from startup_stm32f407xx.o(.text) referenced from startup_stm32f407xx.o(RESET)
 <LI><a href="#[16]">DMA1_Stream1_IRQHandler</a> from startup_stm32f407xx.o(.text) referenced from startup_stm32f407xx.o(RESET)
 <LI><a href="#[17]">DMA1_Stream2_IRQHandler</a> from startup_stm32f407xx.o(.text) referenced from startup_stm32f407xx.o(RESET)
 <LI><a href="#[18]">DMA1_Stream3_IRQHandler</a> from startup_stm32f407xx.o(.text) referenced from startup_stm32f407xx.o(RESET)
 <LI><a href="#[19]">DMA1_Stream4_IRQHandler</a> from startup_stm32f407xx.o(.text) referenced from startup_stm32f407xx.o(RESET)
 <LI><a href="#[1a]">DMA1_Stream5_IRQHandler</a> from startup_stm32f407xx.o(.text) referenced from startup_stm32f407xx.o(RESET)
 <LI><a href="#[1b]">DMA1_Stream6_IRQHandler</a> from startup_stm32f407xx.o(.text) referenced from startup_stm32f407xx.o(RESET)
 <LI><a href="#[39]">DMA1_Stream7_IRQHandler</a> from startup_stm32f407xx.o(.text) referenced from startup_stm32f407xx.o(RESET)
 <LI><a href="#[42]">DMA2_Stream0_IRQHandler</a> from startup_stm32f407xx.o(.text) referenced from startup_stm32f407xx.o(RESET)
 <LI><a href="#[43]">DMA2_Stream1_IRQHandler</a> from startup_stm32f407xx.o(.text) referenced from startup_stm32f407xx.o(RESET)
 <LI><a href="#[44]">DMA2_Stream2_IRQHandler</a> from startup_stm32f407xx.o(.text) referenced from startup_stm32f407xx.o(RESET)
 <LI><a href="#[45]">DMA2_Stream3_IRQHandler</a> from startup_stm32f407xx.o(.text) referenced from startup_stm32f407xx.o(RESET)
 <LI><a href="#[46]">DMA2_Stream4_IRQHandler</a> from startup_stm32f407xx.o(.text) referenced from startup_stm32f407xx.o(RESET)
 <LI><a href="#[4e]">DMA2_Stream5_IRQHandler</a> from startup_stm32f407xx.o(.text) referenced from startup_stm32f407xx.o(RESET)
 <LI><a href="#[4f]">DMA2_Stream6_IRQHandler</a> from startup_stm32f407xx.o(.text) referenced from startup_stm32f407xx.o(RESET)
 <LI><a href="#[50]">DMA2_Stream7_IRQHandler</a> from startup_stm32f407xx.o(.text) referenced from startup_stm32f407xx.o(RESET)
 <LI><a href="#[7]">DebugMon_Handler</a> from stm32f4xx_it.o(.text.DebugMon_Handler) referenced from startup_stm32f407xx.o(RESET)
 <LI><a href="#[47]">ETH_IRQHandler</a> from startup_stm32f407xx.o(.text) referenced from startup_stm32f407xx.o(RESET)
 <LI><a href="#[48]">ETH_WKUP_IRQHandler</a> from startup_stm32f407xx.o(.text) referenced from startup_stm32f407xx.o(RESET)
 <LI><a href="#[10]">EXTI0_IRQHandler</a> from startup_stm32f407xx.o(.text) referenced from startup_stm32f407xx.o(RESET)
 <LI><a href="#[32]">EXTI15_10_IRQHandler</a> from startup_stm32f407xx.o(.text) referenced from startup_stm32f407xx.o(RESET)
 <LI><a href="#[11]">EXTI1_IRQHandler</a> from startup_stm32f407xx.o(.text) referenced from startup_stm32f407xx.o(RESET)
 <LI><a href="#[12]">EXTI2_IRQHandler</a> from startup_stm32f407xx.o(.text) referenced from startup_stm32f407xx.o(RESET)
 <LI><a href="#[13]">EXTI3_IRQHandler</a> from startup_stm32f407xx.o(.text) referenced from startup_stm32f407xx.o(RESET)
 <LI><a href="#[14]">EXTI4_IRQHandler</a> from startup_stm32f407xx.o(.text) referenced from startup_stm32f407xx.o(RESET)
 <LI><a href="#[21]">EXTI9_5_IRQHandler</a> from startup_stm32f407xx.o(.text) referenced from startup_stm32f407xx.o(RESET)
 <LI><a href="#[e]">FLASH_IRQHandler</a> from startup_stm32f407xx.o(.text) referenced from startup_stm32f407xx.o(RESET)
 <LI><a href="#[3a]">FMC_IRQHandler</a> from startup_stm32f407xx.o(.text) referenced from startup_stm32f407xx.o(RESET)
 <LI><a href="#[5a]">FPU_IRQHandler</a> from startup_stm32f407xx.o(.text) referenced from startup_stm32f407xx.o(RESET)
 <LI><a href="#[59]">HASH_RNG_IRQHandler</a> from startup_stm32f407xx.o(.text) referenced from startup_stm32f407xx.o(RESET)
 <LI><a href="#[2]">HardFault_Handler</a> from stm32f4xx_it.o(.text.HardFault_Handler) referenced from startup_stm32f407xx.o(RESET)
 <LI><a href="#[2a]">I2C1_ER_IRQHandler</a> from startup_stm32f407xx.o(.text) referenced from startup_stm32f407xx.o(RESET)
 <LI><a href="#[29]">I2C1_EV_IRQHandler</a> from startup_stm32f407xx.o(.text) referenced from startup_stm32f407xx.o(RESET)
 <LI><a href="#[2c]">I2C2_ER_IRQHandler</a> from startup_stm32f407xx.o(.text) referenced from startup_stm32f407xx.o(RESET)
 <LI><a href="#[2b]">I2C2_EV_IRQHandler</a> from startup_stm32f407xx.o(.text) referenced from startup_stm32f407xx.o(RESET)
 <LI><a href="#[53]">I2C3_ER_IRQHandler</a> from startup_stm32f407xx.o(.text) referenced from startup_stm32f407xx.o(RESET)
 <LI><a href="#[52]">I2C3_EV_IRQHandler</a> from startup_stm32f407xx.o(.text) referenced from startup_stm32f407xx.o(RESET)
 <LI><a href="#[3]">MemManage_Handler</a> from stm32f4xx_it.o(.text.MemManage_Handler) referenced from startup_stm32f407xx.o(RESET)
 <LI><a href="#[1]">NMI_Handler</a> from stm32f4xx_it.o(.text.NMI_Handler) referenced from startup_stm32f407xx.o(RESET)
 <LI><a href="#[4d]">OTG_FS_IRQHandler</a> from startup_stm32f407xx.o(.text) referenced from startup_stm32f407xx.o(RESET)
 <LI><a href="#[34]">OTG_FS_WKUP_IRQHandler</a> from startup_stm32f407xx.o(.text) referenced from startup_stm32f407xx.o(RESET)
 <LI><a href="#[55]">OTG_HS_EP1_IN_IRQHandler</a> from startup_stm32f407xx.o(.text) referenced from startup_stm32f407xx.o(RESET)
 <LI><a href="#[54]">OTG_HS_EP1_OUT_IRQHandler</a> from startup_stm32f407xx.o(.text) referenced from startup_stm32f407xx.o(RESET)
 <LI><a href="#[57]">OTG_HS_IRQHandler</a> from startup_stm32f407xx.o(.text) referenced from startup_stm32f407xx.o(RESET)
 <LI><a href="#[56]">OTG_HS_WKUP_IRQHandler</a> from startup_stm32f407xx.o(.text) referenced from startup_stm32f407xx.o(RESET)
 <LI><a href="#[b]">PVD_IRQHandler</a> from startup_stm32f407xx.o(.text) referenced from startup_stm32f407xx.o(RESET)
 <LI><a href="#[8]">PendSV_Handler</a> from port.o(.text.PendSV_Handler) referenced from startup_stm32f407xx.o(RESET)
 <LI><a href="#[f]">RCC_IRQHandler</a> from startup_stm32f407xx.o(.text) referenced from startup_stm32f407xx.o(RESET)
 <LI><a href="#[33]">RTC_Alarm_IRQHandler</a> from startup_stm32f407xx.o(.text) referenced from startup_stm32f407xx.o(RESET)
 <LI><a href="#[d]">RTC_WKUP_IRQHandler</a> from startup_stm32f407xx.o(.text) referenced from startup_stm32f407xx.o(RESET)
 <LI><a href="#[0]">Reset_Handler</a> from startup_stm32f407xx.o(.text) referenced from startup_stm32f407xx.o(RESET)
 <LI><a href="#[3b]">SDIO_IRQHandler</a> from startup_stm32f407xx.o(.text) referenced from startup_stm32f407xx.o(RESET)
 <LI><a href="#[2d]">SPI1_IRQHandler</a> from startup_stm32f407xx.o(.text) referenced from startup_stm32f407xx.o(RESET)
 <LI><a href="#[2e]">SPI2_IRQHandler</a> from startup_stm32f407xx.o(.text) referenced from startup_stm32f407xx.o(RESET)
 <LI><a href="#[3d]">SPI3_IRQHandler</a> from startup_stm32f407xx.o(.text) referenced from startup_stm32f407xx.o(RESET)
 <LI><a href="#[b5]">SRAMDISK_initialize</a> from sram_diskio.o(.text.SRAMDISK_initialize) referenced from sram_diskio.o(.rodata.SRAMDISK_Driver)
 <LI><a href="#[b9]">SRAMDISK_ioctl</a> from sram_diskio.o(.text.SRAMDISK_ioctl) referenced from sram_diskio.o(.rodata.SRAMDISK_Driver)
 <LI><a href="#[b7]">SRAMDISK_read</a> from sram_diskio.o(.text.SRAMDISK_read) referenced from sram_diskio.o(.rodata.SRAMDISK_Driver)
 <LI><a href="#[b6]">SRAMDISK_status</a> from sram_diskio.o(.text.SRAMDISK_status) referenced from sram_diskio.o(.rodata.SRAMDISK_Driver)
 <LI><a href="#[b8]">SRAMDISK_write</a> from sram_diskio.o(.text.SRAMDISK_write) referenced from sram_diskio.o(.rodata.SRAMDISK_Driver)
 <LI><a href="#[6]">SVC_Handler</a> from port.o(.text.SVC_Handler) referenced from startup_stm32f407xx.o(RESET)
 <LI><a href="#[5e]">StartDefaultTask</a> from freertos.o(.text.StartDefaultTask) referenced from freertos.o(.text.MX_FREERTOS_Init)
 <LI><a href="#[9]">SysTick_Handler</a> from port.o(.text.SysTick_Handler) referenced from startup_stm32f407xx.o(RESET)
 <LI><a href="#[5c]">SystemInit</a> from system_stm32f4xx.o(.text.SystemInit) referenced from startup_stm32f407xx.o(.text)
 <LI><a href="#[c]">TAMP_STAMP_IRQHandler</a> from startup_stm32f407xx.o(.text) referenced from startup_stm32f407xx.o(RESET)
 <LI><a href="#[22]">TIM1_BRK_TIM9_IRQHandler</a> from startup_stm32f407xx.o(.text) referenced from startup_stm32f407xx.o(RESET)
 <LI><a href="#[25]">TIM1_CC_IRQHandler</a> from startup_stm32f407xx.o(.text) referenced from startup_stm32f407xx.o(RESET)
 <LI><a href="#[24]">TIM1_TRG_COM_TIM11_IRQHandler</a> from startup_stm32f407xx.o(.text) referenced from startup_stm32f407xx.o(RESET)
 <LI><a href="#[23]">TIM1_UP_TIM10_IRQHandler</a> from stm32f4xx_it.o(.text.TIM1_UP_TIM10_IRQHandler) referenced from startup_stm32f407xx.o(RESET)
 <LI><a href="#[26]">TIM2_IRQHandler</a> from startup_stm32f407xx.o(.text) referenced from startup_stm32f407xx.o(RESET)
 <LI><a href="#[27]">TIM3_IRQHandler</a> from startup_stm32f407xx.o(.text) referenced from startup_stm32f407xx.o(RESET)
 <LI><a href="#[28]">TIM4_IRQHandler</a> from startup_stm32f407xx.o(.text) referenced from startup_stm32f407xx.o(RESET)
 <LI><a href="#[3c]">TIM5_IRQHandler</a> from startup_stm32f407xx.o(.text) referenced from startup_stm32f407xx.o(RESET)
 <LI><a href="#[40]">TIM6_DAC_IRQHandler</a> from startup_stm32f407xx.o(.text) referenced from startup_stm32f407xx.o(RESET)
 <LI><a href="#[41]">TIM7_IRQHandler</a> from startup_stm32f407xx.o(.text) referenced from startup_stm32f407xx.o(RESET)
 <LI><a href="#[35]">TIM8_BRK_TIM12_IRQHandler</a> from startup_stm32f407xx.o(.text) referenced from startup_stm32f407xx.o(RESET)
 <LI><a href="#[38]">TIM8_CC_IRQHandler</a> from startup_stm32f407xx.o(.text) referenced from startup_stm32f407xx.o(RESET)
 <LI><a href="#[37]">TIM8_TRG_COM_TIM14_IRQHandler</a> from startup_stm32f407xx.o(.text) referenced from startup_stm32f407xx.o(RESET)
 <LI><a href="#[36]">TIM8_UP_TIM13_IRQHandler</a> from startup_stm32f407xx.o(.text) referenced from startup_stm32f407xx.o(RESET)
 <LI><a href="#[3e]">UART4_IRQHandler</a> from startup_stm32f407xx.o(.text) referenced from startup_stm32f407xx.o(RESET)
 <LI><a href="#[3f]">UART5_IRQHandler</a> from startup_stm32f407xx.o(.text) referenced from startup_stm32f407xx.o(RESET)
 <LI><a href="#[2f]">USART1_IRQHandler</a> from startup_stm32f407xx.o(.text) referenced from startup_stm32f407xx.o(RESET)
 <LI><a href="#[30]">USART2_IRQHandler</a> from startup_stm32f407xx.o(.text) referenced from startup_stm32f407xx.o(RESET)
 <LI><a href="#[31]">USART3_IRQHandler</a> from startup_stm32f407xx.o(.text) referenced from startup_stm32f407xx.o(RESET)
 <LI><a href="#[51]">USART6_IRQHandler</a> from startup_stm32f407xx.o(.text) referenced from startup_stm32f407xx.o(RESET)
 <LI><a href="#[5]">UsageFault_Handler</a> from stm32f4xx_it.o(.text.UsageFault_Handler) referenced from startup_stm32f407xx.o(RESET)
 <LI><a href="#[a]">WWDG_IRQHandler</a> from startup_stm32f407xx.o(.text) referenced from startup_stm32f407xx.o(RESET)
 <LI><a href="#[5d]">__main</a> from entry.o(.ARM.Collect$$$$00000000) referenced from startup_stm32f407xx.o(.text)
 <LI><a href="#[76]">_lv_disp_refr_timer</a> from lv_refr.o(.text._lv_disp_refr_timer) referenced 2 times from lv_hal_disp.o(.text.lv_disp_drv_register)
 <LI><a href="#[91]">_lv_ll_get_head</a> from lv_ll.o(.text._lv_ll_get_head) referenced 4 times from lv_group.o(.text.lv_group_add_obj)
 <LI><a href="#[91]">_lv_ll_get_head</a> from lv_ll.o(.text._lv_ll_get_head) referenced 2 times from lv_group.o(.text.lv_group_focus_next)
 <LI><a href="#[91]">_lv_ll_get_head</a> from lv_ll.o(.text._lv_ll_get_head) referenced 2 times from lv_group.o(.text.lv_group_remove_obj)
 <LI><a href="#[92]">_lv_ll_get_next</a> from lv_ll.o(.text._lv_ll_get_next) referenced 4 times from lv_group.o(.text.lv_group_add_obj)
 <LI><a href="#[92]">_lv_ll_get_next</a> from lv_ll.o(.text._lv_ll_get_next) referenced 2 times from lv_group.o(.text.lv_group_focus_next)
 <LI><a href="#[92]">_lv_ll_get_next</a> from lv_ll.o(.text._lv_ll_get_next) referenced 2 times from lv_group.o(.text.lv_group_remove_obj)
 <LI><a href="#[94]">_lv_ll_get_prev</a> from lv_ll.o(.text._lv_ll_get_prev) referenced 4 times from lv_group.o(.text.lv_group_add_obj)
 <LI><a href="#[94]">_lv_ll_get_prev</a> from lv_ll.o(.text._lv_ll_get_prev) referenced 2 times from lv_group.o(.text.lv_group_focus_prev)
 <LI><a href="#[94]">_lv_ll_get_prev</a> from lv_ll.o(.text._lv_ll_get_prev) referenced 2 times from lv_group.o(.text.lv_group_remove_obj)
 <LI><a href="#[93]">_lv_ll_get_tail</a> from lv_ll.o(.text._lv_ll_get_tail) referenced 4 times from lv_group.o(.text.lv_group_add_obj)
 <LI><a href="#[93]">_lv_ll_get_tail</a> from lv_ll.o(.text._lv_ll_get_tail) referenced 2 times from lv_group.o(.text.lv_group_focus_prev)
 <LI><a href="#[93]">_lv_ll_get_tail</a> from lv_ll.o(.text._lv_ll_get_tail) referenced 2 times from lv_group.o(.text.lv_group_remove_obj)
 <LI><a href="#[9c]">_out_buffer</a> from lv_printf.o(.text._out_buffer) referenced 2 times from lv_printf.o(.text.lv_snprintf)
 <LI><a href="#[67]">_out_null</a> from lv_printf.o(.text._out_null) referenced 2 times from lv_printf.o(.text._vsnprintf)
 <LI><a href="#[b0]">_snputc</a> from printfa.o(i._snputc) referenced from printfa.o(i.__0snprintf)
 <LI><a href="#[b1]">_sputc</a> from printfa.o(i._sputc) referenced from printfa.o(i.__0sprintf)
 <LI><a href="#[5f]">anim_timer</a> from lv_anim.o(.text.anim_timer) referenced 2 times from lv_anim.o(.text._lv_anim_core_init)
 <LI><a href="#[9d]">arc_anim_end_angle</a> from lv_spinner.o(.text.arc_anim_end_angle) referenced 2 times from lv_spinner.o(.text.lv_spinner_constructor)
 <LI><a href="#[9f]">arc_anim_start_angle</a> from lv_spinner.o(.text.arc_anim_start_angle) referenced 2 times from lv_spinner.o(.text.lv_spinner_constructor)
 <LI><a href="#[a5]">btn_mode_cb</a> from tianji_ui.o(.text.btn_mode_cb) referenced 2 times from tianji_ui.o(.text.tianji_ui_init)
 <LI><a href="#[a7]">btn_timer_cb</a> from tianji_ui.o(.text.btn_timer_cb) referenced 2 times from tianji_ui.o(.text.tianji_ui_init)
 <LI><a href="#[a6]">btn_wind_cb</a> from tianji_ui.o(.text.btn_wind_cb) referenced 2 times from tianji_ui.o(.text.tianji_ui_init)
 <LI><a href="#[b2]">color_blend_true_color_additive</a> from lv_draw_sw_blend.o(.text.color_blend_true_color_additive) referenced from lv_draw_sw_blend.o(.rodata..Lswitch.table.lv_draw_sw_blend_basic.4)
 <LI><a href="#[b4]">color_blend_true_color_multiply</a> from lv_draw_sw_blend.o(.text.color_blend_true_color_multiply) referenced from lv_draw_sw_blend.o(.rodata..Lswitch.table.lv_draw_sw_blend_basic.4)
 <LI><a href="#[b3]">color_blend_true_color_subtractive</a> from lv_draw_sw_blend.o(.text.color_blend_true_color_subtractive) referenced from lv_draw_sw_blend.o(.rodata..Lswitch.table.lv_draw_sw_blend_basic.4)
 <LI><a href="#[a2]">dark_color_filter_cb</a> from lv_theme_default.o(.text.dark_color_filter_cb) referenced 2 times from lv_theme_default.o(.text.style_init)
 <LI><a href="#[a9]">dial_event_cb</a> from tianji_dial.o(.text.dial_event_cb) referenced 2 times from tianji_dial.o(.text.tj_dial_create)
 <LI><a href="#[6c]">disp_flush_cb</a> from display_drv.o(.text.disp_flush_cb) referenced 2 times from display_drv.o(.text.display_drv_init)
 <LI><a href="#[8e]">flex_update</a> from lv_flex.o(.text.flex_update) referenced 2 times from lv_flex.o(.text.lv_flex_init)
 <LI><a href="#[af]">fputc</a> from fputc.o(i.fputc) referenced from printfa.o(i.__0printf)
 <LI><a href="#[af]">fputc</a> from fputc.o(i.fputc) referenced from printfa.o(i.__0vprintf)
 <LI><a href="#[a3]">grey_filter_cb</a> from lv_theme_default.o(.text.grey_filter_cb) referenced 2 times from lv_theme_default.o(.text.style_init)
 <LI><a href="#[e0]">ili9341_DisplayOff</a> from ili9341.o(.text.ili9341_DisplayOff) referenced from ili9341.o(.data.ili9341_drv)
 <LI><a href="#[df]">ili9341_DisplayOn</a> from ili9341.o(.text.ili9341_DisplayOn) referenced from ili9341.o(.data.ili9341_drv)
 <LI><a href="#[e5]">ili9341_DrawHLine</a> from ili9341.o(.text.ili9341_DrawHLine) referenced from ili9341.o(.data.ili9341_drv)
 <LI><a href="#[e6]">ili9341_DrawVLine</a> from ili9341.o(.text.ili9341_DrawVLine) referenced from ili9341.o(.data.ili9341_drv)
 <LI><a href="#[e8]">ili9341_GetLcdPixelHeight</a> from ili9341.o(.text.ili9341_GetLcdPixelHeight) referenced from ili9341.o(.data.ili9341_drv)
 <LI><a href="#[e7]">ili9341_GetLcdPixelWidth</a> from ili9341.o(.text.ili9341_GetLcdPixelWidth) referenced from ili9341.o(.data.ili9341_drv)
 <LI><a href="#[dd]">ili9341_Init</a> from ili9341.o(.text.ili9341_Init) referenced from ili9341.o(.data.ili9341_drv)
 <LI><a href="#[de]">ili9341_ReadID</a> from ili9341.o(.text.ili9341_ReadID) referenced from ili9341.o(.data.ili9341_drv)
 <LI><a href="#[e3]">ili9341_ReadPixel</a> from ili9341.o(.text.ili9341_ReadPixel) referenced from ili9341.o(.data.ili9341_drv)
 <LI><a href="#[e1]">ili9341_SetCursor</a> from ili9341.o(.text.ili9341_SetCursor) referenced from ili9341.o(.data.ili9341_drv)
 <LI><a href="#[e4]">ili9341_SetDisplayWindow</a> from ili9341.o(.text.ili9341_SetDisplayWindow) referenced from ili9341.o(.data.ili9341_drv)
 <LI><a href="#[e2]">ili9341_WritePixel</a> from ili9341.o(.text.ili9341_WritePixel) referenced from ili9341.o(.data.ili9341_drv)
 <LI><a href="#[90]">kern_pair_16_compare</a> from lv_font_fmt_txt.o(.text.kern_pair_16_compare) referenced 2 times from lv_font_fmt_txt.o(.text.lv_font_get_glyph_dsc_fmt_txt)
 <LI><a href="#[8f]">kern_pair_8_compare</a> from lv_font_fmt_txt.o(.text.kern_pair_8_compare) referenced 2 times from lv_font_fmt_txt.o(.text.lv_font_get_glyph_dsc_fmt_txt)
 <LI><a href="#[9e]">lv_anim_path_ease_in_out</a> from lv_anim.o(.text.lv_anim_path_ease_in_out) referenced 2 times from lv_spinner.o(.text.lv_spinner_constructor)
 <LI><a href="#[99]">lv_anim_path_ease_out</a> from lv_anim.o(.text.lv_anim_path_ease_out) referenced 2 times from lv_obj_scroll.o(.text.lv_obj_scroll_by)
 <LI><a href="#[70]">lv_anim_path_linear</a> from lv_anim.o(.text.lv_anim_path_linear) referenced 2 times from lv_anim.o(.text.lv_anim_init)
 <LI><a href="#[70]">lv_anim_path_linear</a> from lv_anim.o(.text.lv_anim_path_linear) referenced 2 times from lv_style.o(.text.lv_style_transition_dsc_init)
 <LI><a href="#[70]">lv_anim_path_linear</a> from lv_anim.o(.text.lv_anim_path_linear) referenced 2 times from lv_theme_default.o(.text.style_init)
 <LI><a href="#[ba]">lv_arc_constructor</a> from lv_arc.o(.text.lv_arc_constructor) referenced from lv_arc.o(.rodata.lv_arc_class)
 <LI><a href="#[bb]">lv_arc_event</a> from lv_arc.o(.text.lv_arc_event) referenced from lv_arc.o(.rodata.lv_arc_class)
 <LI><a href="#[6b]">lv_area_get_height</a> from lv_flex.o(.text.lv_area_get_height) referenced 2 times from lv_flex.o(.text.children_repos)
 <LI><a href="#[72]">lv_area_get_height</a> from lv_bar.o(.text.lv_area_get_height) referenced 2 times from lv_bar.o(.text.lv_bar_event)
 <LI><a href="#[6a]">lv_area_get_width</a> from lv_flex.o(.text.lv_area_get_width) referenced 2 times from lv_flex.o(.text.children_repos)
 <LI><a href="#[71]">lv_area_get_width</a> from lv_bar.o(.text.lv_area_get_width) referenced 2 times from lv_bar.o(.text.lv_bar_event)
 <LI><a href="#[68]">lv_area_set_height</a> from lv_area.o(.text.lv_area_set_height) referenced 2 times from lv_flex.o(.text.children_repos)
 <LI><a href="#[69]">lv_area_set_width</a> from lv_area.o(.text.lv_area_set_width) referenced 2 times from lv_flex.o(.text.children_repos)
 <LI><a href="#[73]">lv_bar_anim</a> from lv_bar.o(.text.lv_bar_anim) referenced 2 times from lv_bar.o(.text.lv_bar_set_value_with_anim)
 <LI><a href="#[74]">lv_bar_anim_ready</a> from lv_bar.o(.text.lv_bar_anim_ready) referenced 2 times from lv_bar.o(.text.lv_bar_set_value_with_anim)
 <LI><a href="#[bc]">lv_bar_constructor</a> from lv_bar.o(.text.lv_bar_constructor) referenced from lv_bar.o(.rodata.lv_bar_class)
 <LI><a href="#[bd]">lv_bar_destructor</a> from lv_bar.o(.text.lv_bar_destructor) referenced from lv_bar.o(.rodata.lv_bar_class)
 <LI><a href="#[be]">lv_bar_event</a> from lv_bar.o(.text.lv_bar_event) referenced from lv_bar.o(.rodata.lv_bar_class)
 <LI><a href="#[bf]">lv_btn_constructor</a> from lv_btn.o(.text.lv_btn_constructor) referenced from lv_btn.o(.rodata.lv_btn_class)
 <LI><a href="#[c0]">lv_canvas_constructor</a> from lv_canvas.o(.text.lv_canvas_constructor) referenced from lv_canvas.o(.rodata.lv_canvas_class)
 <LI><a href="#[c1]">lv_canvas_destructor</a> from lv_canvas.o(.text.lv_canvas_destructor) referenced from lv_canvas.o(.rodata.lv_canvas_class)
 <LI><a href="#[7c]">lv_draw_mask_angle</a> from lv_draw_mask.o(.text.lv_draw_mask_angle) referenced 2 times from lv_draw_mask.o(.text.lv_draw_mask_angle_init)
 <LI><a href="#[7d]">lv_draw_mask_line</a> from lv_draw_mask.o(.text.lv_draw_mask_line) referenced 2 times from lv_draw_mask.o(.text.lv_draw_mask_line_points_init)
 <LI><a href="#[7e]">lv_draw_mask_radius</a> from lv_draw_mask.o(.text.lv_draw_mask_radius) referenced 2 times from lv_draw_mask.o(.text.lv_draw_mask_radius_init)
 <LI><a href="#[7f]">lv_draw_sw_arc</a> from lv_draw_sw_arc.o(.text.lv_draw_sw_arc) referenced 2 times from lv_draw_sw.o(.text.lv_draw_sw_init_ctx)
 <LI><a href="#[85]">lv_draw_sw_bg</a> from lv_draw_sw_rect.o(.text.lv_draw_sw_bg) referenced 2 times from lv_draw_sw.o(.text.lv_draw_sw_init_ctx)
 <LI><a href="#[8b]">lv_draw_sw_blend_basic</a> from lv_draw_sw_blend.o(.text.lv_draw_sw_blend_basic) referenced 2 times from lv_draw_sw.o(.text.lv_draw_sw_init_ctx)
 <LI><a href="#[88]">lv_draw_sw_buffer_copy</a> from lv_draw_sw.o(.text.lv_draw_sw_buffer_copy) referenced 2 times from lv_draw_sw.o(.text.lv_draw_sw_init_ctx)
 <LI><a href="#[82]">lv_draw_sw_img_decoded</a> from lv_draw_sw_img.o(.text.lv_draw_sw_img_decoded) referenced 2 times from lv_draw_sw.o(.text.lv_draw_sw_init_ctx)
 <LI><a href="#[75]">lv_draw_sw_init_ctx</a> from lv_draw_sw.o(.text.lv_draw_sw_init_ctx) referenced 2 times from lv_hal_disp.o(.text.lv_disp_drv_init)
 <LI><a href="#[8a]">lv_draw_sw_layer_adjust</a> from lv_draw_sw_layer.o(.text.lv_draw_sw_layer_adjust) referenced 2 times from lv_draw_sw.o(.text.lv_draw_sw_init_ctx)
 <LI><a href="#[8c]">lv_draw_sw_layer_blend</a> from lv_draw_sw_layer.o(.text.lv_draw_sw_layer_blend) referenced 2 times from lv_draw_sw.o(.text.lv_draw_sw_init_ctx)
 <LI><a href="#[89]">lv_draw_sw_layer_create</a> from lv_draw_sw_layer.o(.text.lv_draw_sw_layer_create) referenced 2 times from lv_draw_sw.o(.text.lv_draw_sw_init_ctx)
 <LI><a href="#[8d]">lv_draw_sw_layer_destroy</a> from lv_draw_sw_layer.o(.text.lv_draw_sw_layer_destroy) referenced 2 times from lv_draw_sw.o(.text.lv_draw_sw_init_ctx)
 <LI><a href="#[81]">lv_draw_sw_letter</a> from lv_draw_sw_letter.o(.text.lv_draw_sw_letter) referenced 2 times from lv_draw_sw.o(.text.lv_draw_sw_init_ctx)
 <LI><a href="#[83]">lv_draw_sw_line</a> from lv_draw_sw_line.o(.text.lv_draw_sw_line) referenced 2 times from lv_draw_sw.o(.text.lv_draw_sw_init_ctx)
 <LI><a href="#[84]">lv_draw_sw_polygon</a> from lv_draw_sw_polygon.o(.text.lv_draw_sw_polygon) referenced 2 times from lv_draw_sw.o(.text.lv_draw_sw_init_ctx)
 <LI><a href="#[80]">lv_draw_sw_rect</a> from lv_draw_sw_rect.o(.text.lv_draw_sw_rect) referenced 2 times from lv_draw_sw.o(.text.lv_draw_sw_init_ctx)
 <LI><a href="#[86]">lv_draw_sw_transform</a> from lv_draw_sw_transform.o(.text.lv_draw_sw_transform) referenced 2 times from lv_draw_sw.o(.text.lv_draw_sw_init_ctx)
 <LI><a href="#[87]">lv_draw_sw_wait_for_finish</a> from lv_draw_sw.o(.text.lv_draw_sw_wait_for_finish) referenced 2 times from lv_draw_sw.o(.text.lv_draw_sw_init_ctx)
 <LI><a href="#[c3]">lv_font_get_bitmap_fmt_txt</a> from lv_font_fmt_txt.o(.text.lv_font_get_bitmap_fmt_txt) referenced from lv_font_montserrat_10.o(.rodata.lv_font_montserrat_10)
 <LI><a href="#[c3]">lv_font_get_bitmap_fmt_txt</a> from lv_font_fmt_txt.o(.text.lv_font_get_bitmap_fmt_txt) referenced from lv_font_montserrat_12.o(.rodata.lv_font_montserrat_12)
 <LI><a href="#[c3]">lv_font_get_bitmap_fmt_txt</a> from lv_font_fmt_txt.o(.text.lv_font_get_bitmap_fmt_txt) referenced from lv_font_montserrat_14.o(.rodata.lv_font_montserrat_14)
 <LI><a href="#[c3]">lv_font_get_bitmap_fmt_txt</a> from lv_font_fmt_txt.o(.text.lv_font_get_bitmap_fmt_txt) referenced from lv_font_montserrat_36.o(.rodata.lv_font_montserrat_36)
 <LI><a href="#[c3]">lv_font_get_bitmap_fmt_txt</a> from lv_font_fmt_txt.o(.text.lv_font_get_bitmap_fmt_txt) referenced from lv_font_montserrat_8.o(.rodata.lv_font_montserrat_8)
 <LI><a href="#[c2]">lv_font_get_glyph_dsc_fmt_txt</a> from lv_font_fmt_txt.o(.text.lv_font_get_glyph_dsc_fmt_txt) referenced from lv_font_montserrat_10.o(.rodata.lv_font_montserrat_10)
 <LI><a href="#[c2]">lv_font_get_glyph_dsc_fmt_txt</a> from lv_font_fmt_txt.o(.text.lv_font_get_glyph_dsc_fmt_txt) referenced from lv_font_montserrat_12.o(.rodata.lv_font_montserrat_12)
 <LI><a href="#[c2]">lv_font_get_glyph_dsc_fmt_txt</a> from lv_font_fmt_txt.o(.text.lv_font_get_glyph_dsc_fmt_txt) referenced from lv_font_montserrat_14.o(.rodata.lv_font_montserrat_14)
 <LI><a href="#[c2]">lv_font_get_glyph_dsc_fmt_txt</a> from lv_font_fmt_txt.o(.text.lv_font_get_glyph_dsc_fmt_txt) referenced from lv_font_montserrat_36.o(.rodata.lv_font_montserrat_36)
 <LI><a href="#[c2]">lv_font_get_glyph_dsc_fmt_txt</a> from lv_font_fmt_txt.o(.text.lv_font_get_glyph_dsc_fmt_txt) referenced from lv_font_montserrat_8.o(.rodata.lv_font_montserrat_8)
 <LI><a href="#[c4]">lv_img_constructor</a> from lv_img.o(.text.lv_img_constructor) referenced from lv_img.o(.rodata.lv_img_class)
 <LI><a href="#[63]">lv_img_decoder_built_in_close</a> from lv_img_decoder.o(.text.lv_img_decoder_built_in_close) referenced 2 times from lv_img_decoder.o(.text._lv_img_decoder_init)
 <LI><a href="#[60]">lv_img_decoder_built_in_info</a> from lv_img_decoder.o(.text.lv_img_decoder_built_in_info) referenced 2 times from lv_img_decoder.o(.text._lv_img_decoder_init)
 <LI><a href="#[61]">lv_img_decoder_built_in_open</a> from lv_img_decoder.o(.text.lv_img_decoder_built_in_open) referenced 2 times from lv_img_decoder.o(.text._lv_img_decoder_init)
 <LI><a href="#[62]">lv_img_decoder_built_in_read_line</a> from lv_img_decoder.o(.text.lv_img_decoder_built_in_read_line) referenced 2 times from lv_img_decoder.o(.text._lv_img_decoder_init)
 <LI><a href="#[c5]">lv_img_destructor</a> from lv_img.o(.text.lv_img_destructor) referenced from lv_img.o(.rodata.lv_img_class)
 <LI><a href="#[c6]">lv_img_event</a> from lv_img.o(.text.lv_img_event) referenced from lv_img.o(.rodata.lv_img_class)
 <LI><a href="#[95]">lv_indev_read_timer_cb</a> from lv_indev.o(.text.lv_indev_read_timer_cb) referenced 2 times from lv_hal_indev.o(.text.lv_indev_drv_register)
 <LI><a href="#[c7]">lv_label_constructor</a> from lv_label.o(.text.lv_label_constructor) referenced from lv_label.o(.rodata.lv_label_class)
 <LI><a href="#[c8]">lv_label_destructor</a> from lv_label.o(.text.lv_label_destructor) referenced from lv_label.o(.rodata.lv_label_class)
 <LI><a href="#[c9]">lv_label_event</a> from lv_label.o(.text.lv_label_event) referenced from lv_label.o(.rodata.lv_label_class)
 <LI><a href="#[ca]">lv_led_constructor</a> from lv_led.o(.text.lv_led_constructor) referenced from lv_led.o(.rodata.lv_led_class)
 <LI><a href="#[cb]">lv_led_event</a> from lv_led.o(.text.lv_led_event) referenced from lv_led.o(.rodata.lv_led_class)
 <LI><a href="#[cc]">lv_line_constructor</a> from lv_line.o(.text.lv_line_constructor) referenced from lv_line.o(.rodata.lv_line_class)
 <LI><a href="#[cd]">lv_line_event</a> from lv_line.o(.text.lv_line_event) referenced from lv_line.o(.rodata.lv_line_class)
 <LI><a href="#[ce]">lv_meter_constructor</a> from lv_meter.o(.text.lv_meter_constructor) referenced from lv_meter.o(.rodata.lv_meter_class)
 <LI><a href="#[cf]">lv_meter_destructor</a> from lv_meter.o(.text.lv_meter_destructor) referenced from lv_meter.o(.rodata.lv_meter_class)
 <LI><a href="#[d0]">lv_meter_event</a> from lv_meter.o(.text.lv_meter_event) referenced from lv_meter.o(.rodata.lv_meter_class)
 <LI><a href="#[d1]">lv_obj_constructor</a> from lv_obj.o(.text.lv_obj_constructor) referenced from lv_obj.o(.rodata.lv_obj_class)
 <LI><a href="#[d2]">lv_obj_destructor</a> from lv_obj.o(.text.lv_obj_destructor) referenced from lv_obj.o(.rodata.lv_obj_class)
 <LI><a href="#[d3]">lv_obj_event</a> from lv_obj.o(.text.lv_obj_event) referenced from lv_obj.o(.rodata.lv_obj_class)
 <LI><a href="#[6e]">lv_obj_get_height</a> from lv_obj_pos.o(.text.lv_obj_get_height) referenced 2 times from lv_flex.o(.text.find_track_end)
 <LI><a href="#[6d]">lv_obj_get_width</a> from lv_obj_pos.o(.text.lv_obj_get_width) referenced 2 times from lv_flex.o(.text.find_track_end)
 <LI><a href="#[d4]">lv_slider_constructor</a> from lv_slider.o(.text.lv_slider_constructor) referenced from lv_slider.o(.rodata.lv_slider_class)
 <LI><a href="#[d5]">lv_slider_event</a> from lv_slider.o(.text.lv_slider_event) referenced from lv_slider.o(.rodata.lv_slider_class)
 <LI><a href="#[d6]">lv_spinner_constructor</a> from lv_spinner.o(.text.lv_spinner_constructor) referenced from lv_spinner.o(.rodata.lv_spinner_class)
 <LI><a href="#[d9]">lv_txt_utf8_get_byte_id</a> from lv_txt.o(.text.lv_txt_utf8_get_byte_id) referenced from lv_txt.o(.data._lv_txt_encoded_get_byte_id)
 <LI><a href="#[da]">lv_txt_utf8_get_char_id</a> from lv_txt.o(.text.lv_txt_utf8_get_char_id) referenced from lv_txt.o(.data._lv_txt_encoded_get_char_id)
 <LI><a href="#[dc]">lv_txt_utf8_get_length</a> from lv_txt.o(.text.lv_txt_utf8_get_length) referenced from lv_txt.o(.data._lv_txt_get_encoded_length)
 <LI><a href="#[d8]">lv_txt_utf8_next</a> from lv_txt.o(.text.lv_txt_utf8_next) referenced from lv_txt.o(.data..L_MergedGlobals)
 <LI><a href="#[db]">lv_txt_utf8_prev</a> from lv_txt.o(.text.lv_txt_utf8_prev) referenced from lv_txt.o(.data._lv_txt_encoded_prev)
 <LI><a href="#[d7]">lv_txt_utf8_size</a> from lv_txt.o(.text.lv_txt_utf8_size) referenced from lv_txt.o(.data..L_MergedGlobals)
 <LI><a href="#[5b]">main</a> from main.o(.text.main) referenced from entry9a.o(.ARM.Collect$$$$0000000B)
 <LI><a href="#[a8]">marquee_timer_cb</a> from tianji_ui.o(.text.marquee_timer_cb) referenced 2 times from tianji_ui.o(.text.tianji_ui_init)
 <LI><a href="#[ab]">orb_click_cb</a> from tianji_voice.o(.text.orb_click_cb) referenced 2 times from tianji_voice.o(.text.tj_voice_create)
 <LI><a href="#[aa]">particle_timer_cb</a> from tianji_particles.o(.text.particle_timer_cb) referenced 2 times from tianji_particles.o(.text.tj_particles_create)
 <LI><a href="#[ae]">prvIdleTask</a> from tasks.o(.text.prvIdleTask) referenced 2 times from tasks.o(.text.vTaskStartScheduler)
 <LI><a href="#[a1]">prvTaskExitError</a> from port.o(.text.prvTaskExitError) referenced 2 times from port.o(.text.pxPortInitialiseStack)
 <LI><a href="#[98]">scroll_anim_ready_cb</a> from lv_obj_scroll.o(.text.scroll_anim_ready_cb) referenced 2 times from lv_obj_scroll.o(.text.lv_obj_scroll_by)
 <LI><a href="#[9a]">scroll_x_anim</a> from lv_obj_scroll.o(.text.scroll_x_anim) referenced 4 times from lv_obj_scroll.o(.text.lv_obj_scroll_by)
 <LI><a href="#[9a]">scroll_x_anim</a> from lv_obj_scroll.o(.text.scroll_x_anim) referenced 2 times from lv_obj_scroll.o(.text.lv_obj_scroll_to)
 <LI><a href="#[9a]">scroll_x_anim</a> from lv_obj_scroll.o(.text.scroll_x_anim) referenced 2 times from lv_obj_scroll.o(.text.lv_obj_scroll_to_x)
 <LI><a href="#[9a]">scroll_x_anim</a> from lv_obj_scroll.o(.text.scroll_x_anim) referenced 2 times from lv_obj_scroll.o(.text.scroll_area_into_view)
 <LI><a href="#[9b]">scroll_y_anim</a> from lv_obj_scroll.o(.text.scroll_y_anim) referenced 4 times from lv_obj_scroll.o(.text.lv_obj_scroll_by)
 <LI><a href="#[9b]">scroll_y_anim</a> from lv_obj_scroll.o(.text.scroll_y_anim) referenced 2 times from lv_obj_scroll.o(.text.lv_obj_scroll_to)
 <LI><a href="#[9b]">scroll_y_anim</a> from lv_obj_scroll.o(.text.scroll_y_anim) referenced 2 times from lv_obj_scroll.o(.text.lv_obj_scroll_to_y)
 <LI><a href="#[9b]">scroll_y_anim</a> from lv_obj_scroll.o(.text.scroll_y_anim) referenced 2 times from lv_obj_scroll.o(.text.scroll_area_into_view)
 <LI><a href="#[96]">set_ofs_x_anim</a> from lv_label.o(.text.set_ofs_x_anim) referenced 8 times from lv_label.o(.text.lv_label_refr_text)
 <LI><a href="#[96]">set_ofs_x_anim</a> from lv_label.o(.text.set_ofs_x_anim) referenced 2 times from lv_label.o(.text.lv_label_set_long_mode)
 <LI><a href="#[97]">set_ofs_y_anim</a> from lv_label.o(.text.set_ofs_y_anim) referenced 6 times from lv_label.o(.text.lv_label_refr_text)
 <LI><a href="#[97]">set_ofs_y_anim</a> from lv_label.o(.text.set_ofs_y_anim) referenced 2 times from lv_label.o(.text.lv_label_set_long_mode)
 <LI><a href="#[78]">set_px_cb_alpha1</a> from lv_hal_disp.o(.text.set_px_cb_alpha1) referenced from lv_hal_disp.o(.text.lv_disp_drv_use_generic_set_px_cb)
 <LI><a href="#[79]">set_px_cb_alpha2</a> from lv_hal_disp.o(.text.set_px_cb_alpha2) referenced from lv_hal_disp.o(.text.lv_disp_drv_use_generic_set_px_cb)
 <LI><a href="#[7a]">set_px_cb_alpha4</a> from lv_hal_disp.o(.text.set_px_cb_alpha4) referenced from lv_hal_disp.o(.text.lv_disp_drv_use_generic_set_px_cb)
 <LI><a href="#[7b]">set_px_cb_alpha8</a> from lv_hal_disp.o(.text.set_px_cb_alpha8) referenced from lv_hal_disp.o(.text.lv_disp_drv_use_generic_set_px_cb)
 <LI><a href="#[77]">set_px_true_color_alpha</a> from lv_hal_disp.o(.text.set_px_true_color_alpha) referenced from lv_hal_disp.o(.text.lv_disp_drv_use_generic_set_px_cb)
 <LI><a href="#[a0]">theme_apply</a> from lv_theme_default.o(.text.theme_apply) referenced 2 times from lv_theme_default.o(.text.lv_theme_default_init)
 <LI><a href="#[ad]">touchpad_read_cb</a> from touch_drv.o(.text.touchpad_read_cb) referenced 2 times from touch_drv.o(.text.touch_drv_init)
 <LI><a href="#[64]">trans_anim_cb</a> from lv_obj_style.o(.text.trans_anim_cb) referenced 2 times from lv_obj_style.o(.text._lv_obj_style_create_transition)
 <LI><a href="#[66]">trans_anim_ready_cb</a> from lv_obj_style.o(.text.trans_anim_ready_cb) referenced 2 times from lv_obj_style.o(.text._lv_obj_style_create_transition)
 <LI><a href="#[65]">trans_anim_start_cb</a> from lv_obj_style.o(.text.trans_anim_start_cb) referenced 2 times from lv_obj_style.o(.text._lv_obj_style_create_transition)
 <LI><a href="#[6f]">unicode_list_compare</a> from lv_font_fmt_txt.o(.text.unicode_list_compare) referenced 4 times from lv_font_fmt_txt.o(.text.get_glyph_dsc_id)
 <LI><a href="#[a4]">voice_activated</a> from tianji_ui.o(.text.voice_activated) referenced 2 times from tianji_ui.o(.text.tianji_ui_init)
 <LI><a href="#[ac]">voice_anim_timer</a> from tianji_voice.o(.text.voice_anim_timer) referenced 2 times from tianji_voice.o(.text.tj_voice_create)
</UL>
<P>
<H3>
Global Symbols
</H3>
<P><STRONG><a name="[5d]"></a>__main</STRONG> (Thumb, 0 bytes, Stack size unknown bytes, entry.o(.ARM.Collect$$$$00000000))
<BR>[Address Reference Count : 1]<UL><LI> startup_stm32f407xx.o(.text)
</UL>
<P><STRONG><a name="[347]"></a>_main_stk</STRONG> (Thumb, 0 bytes, Stack size unknown bytes, entry2.o(.ARM.Collect$$$$00000001))

<P><STRONG><a name="[e9]"></a>_main_scatterload</STRONG> (Thumb, 0 bytes, Stack size unknown bytes, entry5.o(.ARM.Collect$$$$00000004))
<BR><BR>[Calls]<UL><LI><a href="#[ea]">&gt;&gt;</a>&nbsp;&nbsp;&nbsp;__scatterload
</UL>

<P><STRONG><a name="[fa]"></a>__main_after_scatterload</STRONG> (Thumb, 0 bytes, Stack size unknown bytes, entry5.o(.ARM.Collect$$$$00000004))
<BR><BR>[Called By]<UL><LI><a href="#[ea]">&gt;&gt;</a>&nbsp;&nbsp;&nbsp;__scatterload
</UL>

<P><STRONG><a name="[348]"></a>_main_clock</STRONG> (Thumb, 0 bytes, Stack size unknown bytes, entry7b.o(.ARM.Collect$$$$00000008))

<P><STRONG><a name="[349]"></a>_main_cpp_init</STRONG> (Thumb, 0 bytes, Stack size unknown bytes, entry8b.o(.ARM.Collect$$$$0000000A))

<P><STRONG><a name="[34a]"></a>_main_init</STRONG> (Thumb, 0 bytes, Stack size unknown bytes, entry9a.o(.ARM.Collect$$$$0000000B))

<P><STRONG><a name="[34b]"></a>__rt_final_cpp</STRONG> (Thumb, 0 bytes, Stack size unknown bytes, entry10a.o(.ARM.Collect$$$$0000000D))

<P><STRONG><a name="[34c]"></a>__rt_final_exit</STRONG> (Thumb, 0 bytes, Stack size unknown bytes, entry11a.o(.ARM.Collect$$$$0000000F))

<P><STRONG><a name="[0]"></a>Reset_Handler</STRONG> (Thumb, 8 bytes, Stack size 0 bytes, startup_stm32f407xx.o(.text))
<BR>[Address Reference Count : 1]<UL><LI> startup_stm32f407xx.o(RESET)
</UL>
<P><STRONG><a name="[1c]"></a>ADC_IRQHandler</STRONG> (Thumb, 0 bytes, Stack size 0 bytes, startup_stm32f407xx.o(.text))
<BR><BR>[Calls]<UL><LI><a href="#[1c]">&gt;&gt;</a>&nbsp;&nbsp;&nbsp;ADC_IRQHandler
</UL>
<BR>[Called By]<UL><LI><a href="#[1c]">&gt;&gt;</a>&nbsp;&nbsp;&nbsp;ADC_IRQHandler
</UL>
<BR>[Address Reference Count : 1]<UL><LI> startup_stm32f407xx.o(RESET)
</UL>
<P><STRONG><a name="[1e]"></a>CAN1_RX0_IRQHandler</STRONG> (Thumb, 0 bytes, Stack size 0 bytes, startup_stm32f407xx.o(.text))
<BR>[Address Reference Count : 1]<UL><LI> startup_stm32f407xx.o(RESET)
</UL>
<P><STRONG><a name="[1f]"></a>CAN1_RX1_IRQHandler</STRONG> (Thumb, 0 bytes, Stack size 0 bytes, startup_stm32f407xx.o(.text))
<BR>[Address Reference Count : 1]<UL><LI> startup_stm32f407xx.o(RESET)
</UL>
<P><STRONG><a name="[20]"></a>CAN1_SCE_IRQHandler</STRONG> (Thumb, 0 bytes, Stack size 0 bytes, startup_stm32f407xx.o(.text))
<BR>[Address Reference Count : 1]<UL><LI> startup_stm32f407xx.o(RESET)
</UL>
<P><STRONG><a name="[1d]"></a>CAN1_TX_IRQHandler</STRONG> (Thumb, 0 bytes, Stack size 0 bytes, startup_stm32f407xx.o(.text))
<BR>[Address Reference Count : 1]<UL><LI> startup_stm32f407xx.o(RESET)
</UL>
<P><STRONG><a name="[4a]"></a>CAN2_RX0_IRQHandler</STRONG> (Thumb, 0 bytes, Stack size 0 bytes, startup_stm32f407xx.o(.text))
<BR>[Address Reference Count : 1]<UL><LI> startup_stm32f407xx.o(RESET)
</UL>
<P><STRONG><a name="[4b]"></a>CAN2_RX1_IRQHandler</STRONG> (Thumb, 0 bytes, Stack size 0 bytes, startup_stm32f407xx.o(.text))
<BR>[Address Reference Count : 1]<UL><LI> startup_stm32f407xx.o(RESET)
</UL>
<P><STRONG><a name="[4c]"></a>CAN2_SCE_IRQHandler</STRONG> (Thumb, 0 bytes, Stack size 0 bytes, startup_stm32f407xx.o(.text))
<BR>[Address Reference Count : 1]<UL><LI> startup_stm32f407xx.o(RESET)
</UL>
<P><STRONG><a name="[49]"></a>CAN2_TX_IRQHandler</STRONG> (Thumb, 0 bytes, Stack size 0 bytes, startup_stm32f407xx.o(.text))
<BR>[Address Reference Count : 1]<UL><LI> startup_stm32f407xx.o(RESET)
</UL>
<P><STRONG><a name="[58]"></a>DCMI_IRQHandler</STRONG> (Thumb, 0 bytes, Stack size 0 bytes, startup_stm32f407xx.o(.text))
<BR>[Address Reference Count : 1]<UL><LI> startup_stm32f407xx.o(RESET)
</UL>
<P><STRONG><a name="[15]"></a>DMA1_Stream0_IRQHandler</STRONG> (Thumb, 0 bytes, Stack size 0 bytes, startup_stm32f407xx.o(.text))
<BR>[Address Reference Count : 1]<UL><LI> startup_stm32f407xx.o(RESET)
</UL>
<P><STRONG><a name="[16]"></a>DMA1_Stream1_IRQHandler</STRONG> (Thumb, 0 bytes, Stack size 0 bytes, startup_stm32f407xx.o(.text))
<BR>[Address Reference Count : 1]<UL><LI> startup_stm32f407xx.o(RESET)
</UL>
<P><STRONG><a name="[17]"></a>DMA1_Stream2_IRQHandler</STRONG> (Thumb, 0 bytes, Stack size 0 bytes, startup_stm32f407xx.o(.text))
<BR>[Address Reference Count : 1]<UL><LI> startup_stm32f407xx.o(RESET)
</UL>
<P><STRONG><a name="[18]"></a>DMA1_Stream3_IRQHandler</STRONG> (Thumb, 0 bytes, Stack size 0 bytes, startup_stm32f407xx.o(.text))
<BR>[Address Reference Count : 1]<UL><LI> startup_stm32f407xx.o(RESET)
</UL>
<P><STRONG><a name="[19]"></a>DMA1_Stream4_IRQHandler</STRONG> (Thumb, 0 bytes, Stack size 0 bytes, startup_stm32f407xx.o(.text))
<BR>[Address Reference Count : 1]<UL><LI> startup_stm32f407xx.o(RESET)
</UL>
<P><STRONG><a name="[1a]"></a>DMA1_Stream5_IRQHandler</STRONG> (Thumb, 0 bytes, Stack size 0 bytes, startup_stm32f407xx.o(.text))
<BR>[Address Reference Count : 1]<UL><LI> startup_stm32f407xx.o(RESET)
</UL>
<P><STRONG><a name="[1b]"></a>DMA1_Stream6_IRQHandler</STRONG> (Thumb, 0 bytes, Stack size 0 bytes, startup_stm32f407xx.o(.text))
<BR>[Address Reference Count : 1]<UL><LI> startup_stm32f407xx.o(RESET)
</UL>
<P><STRONG><a name="[39]"></a>DMA1_Stream7_IRQHandler</STRONG> (Thumb, 0 bytes, Stack size 0 bytes, startup_stm32f407xx.o(.text))
<BR>[Address Reference Count : 1]<UL><LI> startup_stm32f407xx.o(RESET)
</UL>
<P><STRONG><a name="[42]"></a>DMA2_Stream0_IRQHandler</STRONG> (Thumb, 0 bytes, Stack size 0 bytes, startup_stm32f407xx.o(.text))
<BR>[Address Reference Count : 1]<UL><LI> startup_stm32f407xx.o(RESET)
</UL>
<P><STRONG><a name="[43]"></a>DMA2_Stream1_IRQHandler</STRONG> (Thumb, 0 bytes, Stack size 0 bytes, startup_stm32f407xx.o(.text))
<BR>[Address Reference Count : 1]<UL><LI> startup_stm32f407xx.o(RESET)
</UL>
<P><STRONG><a name="[44]"></a>DMA2_Stream2_IRQHandler</STRONG> (Thumb, 0 bytes, Stack size 0 bytes, startup_stm32f407xx.o(.text))
<BR>[Address Reference Count : 1]<UL><LI> startup_stm32f407xx.o(RESET)
</UL>
<P><STRONG><a name="[45]"></a>DMA2_Stream3_IRQHandler</STRONG> (Thumb, 0 bytes, Stack size 0 bytes, startup_stm32f407xx.o(.text))
<BR>[Address Reference Count : 1]<UL><LI> startup_stm32f407xx.o(RESET)
</UL>
<P><STRONG><a name="[46]"></a>DMA2_Stream4_IRQHandler</STRONG> (Thumb, 0 bytes, Stack size 0 bytes, startup_stm32f407xx.o(.text))
<BR>[Address Reference Count : 1]<UL><LI> startup_stm32f407xx.o(RESET)
</UL>
<P><STRONG><a name="[4e]"></a>DMA2_Stream5_IRQHandler</STRONG> (Thumb, 0 bytes, Stack size 0 bytes, startup_stm32f407xx.o(.text))
<BR>[Address Reference Count : 1]<UL><LI> startup_stm32f407xx.o(RESET)
</UL>
<P><STRONG><a name="[4f]"></a>DMA2_Stream6_IRQHandler</STRONG> (Thumb, 0 bytes, Stack size 0 bytes, startup_stm32f407xx.o(.text))
<BR>[Address Reference Count : 1]<UL><LI> startup_stm32f407xx.o(RESET)
</UL>
<P><STRONG><a name="[50]"></a>DMA2_Stream7_IRQHandler</STRONG> (Thumb, 0 bytes, Stack size 0 bytes, startup_stm32f407xx.o(.text))
<BR>[Address Reference Count : 1]<UL><LI> startup_stm32f407xx.o(RESET)
</UL>
<P><STRONG><a name="[47]"></a>ETH_IRQHandler</STRONG> (Thumb, 0 bytes, Stack size 0 bytes, startup_stm32f407xx.o(.text))
<BR>[Address Reference Count : 1]<UL><LI> startup_stm32f407xx.o(RESET)
</UL>
<P><STRONG><a name="[48]"></a>ETH_WKUP_IRQHandler</STRONG> (Thumb, 0 bytes, Stack size 0 bytes, startup_stm32f407xx.o(.text))
<BR>[Address Reference Count : 1]<UL><LI> startup_stm32f407xx.o(RESET)
</UL>
<P><STRONG><a name="[10]"></a>EXTI0_IRQHandler</STRONG> (Thumb, 0 bytes, Stack size 0 bytes, startup_stm32f407xx.o(.text))
<BR>[Address Reference Count : 1]<UL><LI> startup_stm32f407xx.o(RESET)
</UL>
<P><STRONG><a name="[32]"></a>EXTI15_10_IRQHandler</STRONG> (Thumb, 0 bytes, Stack size 0 bytes, startup_stm32f407xx.o(.text))
<BR>[Address Reference Count : 1]<UL><LI> startup_stm32f407xx.o(RESET)
</UL>
<P><STRONG><a name="[11]"></a>EXTI1_IRQHandler</STRONG> (Thumb, 0 bytes, Stack size 0 bytes, startup_stm32f407xx.o(.text))
<BR>[Address Reference Count : 1]<UL><LI> startup_stm32f407xx.o(RESET)
</UL>
<P><STRONG><a name="[12]"></a>EXTI2_IRQHandler</STRONG> (Thumb, 0 bytes, Stack size 0 bytes, startup_stm32f407xx.o(.text))
<BR>[Address Reference Count : 1]<UL><LI> startup_stm32f407xx.o(RESET)
</UL>
<P><STRONG><a name="[13]"></a>EXTI3_IRQHandler</STRONG> (Thumb, 0 bytes, Stack size 0 bytes, startup_stm32f407xx.o(.text))
<BR>[Address Reference Count : 1]<UL><LI> startup_stm32f407xx.o(RESET)
</UL>
<P><STRONG><a name="[14]"></a>EXTI4_IRQHandler</STRONG> (Thumb, 0 bytes, Stack size 0 bytes, startup_stm32f407xx.o(.text))
<BR>[Address Reference Count : 1]<UL><LI> startup_stm32f407xx.o(RESET)
</UL>
<P><STRONG><a name="[21]"></a>EXTI9_5_IRQHandler</STRONG> (Thumb, 0 bytes, Stack size 0 bytes, startup_stm32f407xx.o(.text))
<BR>[Address Reference Count : 1]<UL><LI> startup_stm32f407xx.o(RESET)
</UL>
<P><STRONG><a name="[e]"></a>FLASH_IRQHandler</STRONG> (Thumb, 0 bytes, Stack size 0 bytes, startup_stm32f407xx.o(.text))
<BR>[Address Reference Count : 1]<UL><LI> startup_stm32f407xx.o(RESET)
</UL>
<P><STRONG><a name="[3a]"></a>FMC_IRQHandler</STRONG> (Thumb, 0 bytes, Stack size 0 bytes, startup_stm32f407xx.o(.text))
<BR>[Address Reference Count : 1]<UL><LI> startup_stm32f407xx.o(RESET)
</UL>
<P><STRONG><a name="[5a]"></a>FPU_IRQHandler</STRONG> (Thumb, 0 bytes, Stack size 0 bytes, startup_stm32f407xx.o(.text))
<BR>[Address Reference Count : 1]<UL><LI> startup_stm32f407xx.o(RESET)
</UL>
<P><STRONG><a name="[59]"></a>HASH_RNG_IRQHandler</STRONG> (Thumb, 0 bytes, Stack size 0 bytes, startup_stm32f407xx.o(.text))
<BR>[Address Reference Count : 1]<UL><LI> startup_stm32f407xx.o(RESET)
</UL>
<P><STRONG><a name="[2a]"></a>I2C1_ER_IRQHandler</STRONG> (Thumb, 0 bytes, Stack size 0 bytes, startup_stm32f407xx.o(.text))
<BR>[Address Reference Count : 1]<UL><LI> startup_stm32f407xx.o(RESET)
</UL>
<P><STRONG><a name="[29]"></a>I2C1_EV_IRQHandler</STRONG> (Thumb, 0 bytes, Stack size 0 bytes, startup_stm32f407xx.o(.text))
<BR>[Address Reference Count : 1]<UL><LI> startup_stm32f407xx.o(RESET)
</UL>
<P><STRONG><a name="[2c]"></a>I2C2_ER_IRQHandler</STRONG> (Thumb, 0 bytes, Stack size 0 bytes, startup_stm32f407xx.o(.text))
<BR>[Address Reference Count : 1]<UL><LI> startup_stm32f407xx.o(RESET)
</UL>
<P><STRONG><a name="[2b]"></a>I2C2_EV_IRQHandler</STRONG> (Thumb, 0 bytes, Stack size 0 bytes, startup_stm32f407xx.o(.text))
<BR>[Address Reference Count : 1]<UL><LI> startup_stm32f407xx.o(RESET)
</UL>
<P><STRONG><a name="[53]"></a>I2C3_ER_IRQHandler</STRONG> (Thumb, 0 bytes, Stack size 0 bytes, startup_stm32f407xx.o(.text))
<BR>[Address Reference Count : 1]<UL><LI> startup_stm32f407xx.o(RESET)
</UL>
<P><STRONG><a name="[52]"></a>I2C3_EV_IRQHandler</STRONG> (Thumb, 0 bytes, Stack size 0 bytes, startup_stm32f407xx.o(.text))
<BR>[Address Reference Count : 1]<UL><LI> startup_stm32f407xx.o(RESET)
</UL>
<P><STRONG><a name="[4d]"></a>OTG_FS_IRQHandler</STRONG> (Thumb, 0 bytes, Stack size 0 bytes, startup_stm32f407xx.o(.text))
<BR>[Address Reference Count : 1]<UL><LI> startup_stm32f407xx.o(RESET)
</UL>
<P><STRONG><a name="[34]"></a>OTG_FS_WKUP_IRQHandler</STRONG> (Thumb, 0 bytes, Stack size 0 bytes, startup_stm32f407xx.o(.text))
<BR>[Address Reference Count : 1]<UL><LI> startup_stm32f407xx.o(RESET)
</UL>
<P><STRONG><a name="[55]"></a>OTG_HS_EP1_IN_IRQHandler</STRONG> (Thumb, 0 bytes, Stack size 0 bytes, startup_stm32f407xx.o(.text))
<BR>[Address Reference Count : 1]<UL><LI> startup_stm32f407xx.o(RESET)
</UL>
<P><STRONG><a name="[54]"></a>OTG_HS_EP1_OUT_IRQHandler</STRONG> (Thumb, 0 bytes, Stack size 0 bytes, startup_stm32f407xx.o(.text))
<BR>[Address Reference Count : 1]<UL><LI> startup_stm32f407xx.o(RESET)
</UL>
<P><STRONG><a name="[57]"></a>OTG_HS_IRQHandler</STRONG> (Thumb, 0 bytes, Stack size 0 bytes, startup_stm32f407xx.o(.text))
<BR>[Address Reference Count : 1]<UL><LI> startup_stm32f407xx.o(RESET)
</UL>
<P><STRONG><a name="[56]"></a>OTG_HS_WKUP_IRQHandler</STRONG> (Thumb, 0 bytes, Stack size 0 bytes, startup_stm32f407xx.o(.text))
<BR>[Address Reference Count : 1]<UL><LI> startup_stm32f407xx.o(RESET)
</UL>
<P><STRONG><a name="[b]"></a>PVD_IRQHandler</STRONG> (Thumb, 0 bytes, Stack size 0 bytes, startup_stm32f407xx.o(.text))
<BR>[Address Reference Count : 1]<UL><LI> startup_stm32f407xx.o(RESET)
</UL>
<P><STRONG><a name="[f]"></a>RCC_IRQHandler</STRONG> (Thumb, 0 bytes, Stack size 0 bytes, startup_stm32f407xx.o(.text))
<BR>[Address Reference Count : 1]<UL><LI> startup_stm32f407xx.o(RESET)
</UL>
<P><STRONG><a name="[33]"></a>RTC_Alarm_IRQHandler</STRONG> (Thumb, 0 bytes, Stack size 0 bytes, startup_stm32f407xx.o(.text))
<BR>[Address Reference Count : 1]<UL><LI> startup_stm32f407xx.o(RESET)
</UL>
<P><STRONG><a name="[d]"></a>RTC_WKUP_IRQHandler</STRONG> (Thumb, 0 bytes, Stack size 0 bytes, startup_stm32f407xx.o(.text))
<BR>[Address Reference Count : 1]<UL><LI> startup_stm32f407xx.o(RESET)
</UL>
<P><STRONG><a name="[3b]"></a>SDIO_IRQHandler</STRONG> (Thumb, 0 bytes, Stack size 0 bytes, startup_stm32f407xx.o(.text))
<BR>[Address Reference Count : 1]<UL><LI> startup_stm32f407xx.o(RESET)
</UL>
<P><STRONG><a name="[2d]"></a>SPI1_IRQHandler</STRONG> (Thumb, 0 bytes, Stack size 0 bytes, startup_stm32f407xx.o(.text))
<BR>[Address Reference Count : 1]<UL><LI> startup_stm32f407xx.o(RESET)
</UL>
<P><STRONG><a name="[2e]"></a>SPI2_IRQHandler</STRONG> (Thumb, 0 bytes, Stack size 0 bytes, startup_stm32f407xx.o(.text))
<BR>[Address Reference Count : 1]<UL><LI> startup_stm32f407xx.o(RESET)
</UL>
<P><STRONG><a name="[3d]"></a>SPI3_IRQHandler</STRONG> (Thumb, 0 bytes, Stack size 0 bytes, startup_stm32f407xx.o(.text))
<BR>[Address Reference Count : 1]<UL><LI> startup_stm32f407xx.o(RESET)
</UL>
<P><STRONG><a name="[c]"></a>TAMP_STAMP_IRQHandler</STRONG> (Thumb, 0 bytes, Stack size 0 bytes, startup_stm32f407xx.o(.text))
<BR>[Address Reference Count : 1]<UL><LI> startup_stm32f407xx.o(RESET)
</UL>
<P><STRONG><a name="[22]"></a>TIM1_BRK_TIM9_IRQHandler</STRONG> (Thumb, 0 bytes, Stack size 0 bytes, startup_stm32f407xx.o(.text))
<BR>[Address Reference Count : 1]<UL><LI> startup_stm32f407xx.o(RESET)
</UL>
<P><STRONG><a name="[25]"></a>TIM1_CC_IRQHandler</STRONG> (Thumb, 0 bytes, Stack size 0 bytes, startup_stm32f407xx.o(.text))
<BR>[Address Reference Count : 1]<UL><LI> startup_stm32f407xx.o(RESET)
</UL>
<P><STRONG><a name="[24]"></a>TIM1_TRG_COM_TIM11_IRQHandler</STRONG> (Thumb, 0 bytes, Stack size 0 bytes, startup_stm32f407xx.o(.text))
<BR>[Address Reference Count : 1]<UL><LI> startup_stm32f407xx.o(RESET)
</UL>
<P><STRONG><a name="[26]"></a>TIM2_IRQHandler</STRONG> (Thumb, 0 bytes, Stack size 0 bytes, startup_stm32f407xx.o(.text))
<BR>[Address Reference Count : 1]<UL><LI> startup_stm32f407xx.o(RESET)
</UL>
<P><STRONG><a name="[27]"></a>TIM3_IRQHandler</STRONG> (Thumb, 0 bytes, Stack size 0 bytes, startup_stm32f407xx.o(.text))
<BR>[Address Reference Count : 1]<UL><LI> startup_stm32f407xx.o(RESET)
</UL>
<P><STRONG><a name="[28]"></a>TIM4_IRQHandler</STRONG> (Thumb, 0 bytes, Stack size 0 bytes, startup_stm32f407xx.o(.text))
<BR>[Address Reference Count : 1]<UL><LI> startup_stm32f407xx.o(RESET)
</UL>
<P><STRONG><a name="[3c]"></a>TIM5_IRQHandler</STRONG> (Thumb, 0 bytes, Stack size 0 bytes, startup_stm32f407xx.o(.text))
<BR>[Address Reference Count : 1]<UL><LI> startup_stm32f407xx.o(RESET)
</UL>
<P><STRONG><a name="[40]"></a>TIM6_DAC_IRQHandler</STRONG> (Thumb, 0 bytes, Stack size 0 bytes, startup_stm32f407xx.o(.text))
<BR>[Address Reference Count : 1]<UL><LI> startup_stm32f407xx.o(RESET)
</UL>
<P><STRONG><a name="[41]"></a>TIM7_IRQHandler</STRONG> (Thumb, 0 bytes, Stack size 0 bytes, startup_stm32f407xx.o(.text))
<BR>[Address Reference Count : 1]<UL><LI> startup_stm32f407xx.o(RESET)
</UL>
<P><STRONG><a name="[35]"></a>TIM8_BRK_TIM12_IRQHandler</STRONG> (Thumb, 0 bytes, Stack size 0 bytes, startup_stm32f407xx.o(.text))
<BR>[Address Reference Count : 1]<UL><LI> startup_stm32f407xx.o(RESET)
</UL>
<P><STRONG><a name="[38]"></a>TIM8_CC_IRQHandler</STRONG> (Thumb, 0 bytes, Stack size 0 bytes, startup_stm32f407xx.o(.text))
<BR>[Address Reference Count : 1]<UL><LI> startup_stm32f407xx.o(RESET)
</UL>
<P><STRONG><a name="[37]"></a>TIM8_TRG_COM_TIM14_IRQHandler</STRONG> (Thumb, 0 bytes, Stack size 0 bytes, startup_stm32f407xx.o(.text))
<BR>[Address Reference Count : 1]<UL><LI> startup_stm32f407xx.o(RESET)
</UL>
<P><STRONG><a name="[36]"></a>TIM8_UP_TIM13_IRQHandler</STRONG> (Thumb, 0 bytes, Stack size 0 bytes, startup_stm32f407xx.o(.text))
<BR>[Address Reference Count : 1]<UL><LI> startup_stm32f407xx.o(RESET)
</UL>
<P><STRONG><a name="[3e]"></a>UART4_IRQHandler</STRONG> (Thumb, 0 bytes, Stack size 0 bytes, startup_stm32f407xx.o(.text))
<BR>[Address Reference Count : 1]<UL><LI> startup_stm32f407xx.o(RESET)
</UL>
<P><STRONG><a name="[3f]"></a>UART5_IRQHandler</STRONG> (Thumb, 0 bytes, Stack size 0 bytes, startup_stm32f407xx.o(.text))
<BR>[Address Reference Count : 1]<UL><LI> startup_stm32f407xx.o(RESET)
</UL>
<P><STRONG><a name="[2f]"></a>USART1_IRQHandler</STRONG> (Thumb, 0 bytes, Stack size 0 bytes, startup_stm32f407xx.o(.text))
<BR>[Address Reference Count : 1]<UL><LI> startup_stm32f407xx.o(RESET)
</UL>
<P><STRONG><a name="[30]"></a>USART2_IRQHandler</STRONG> (Thumb, 0 bytes, Stack size 0 bytes, startup_stm32f407xx.o(.text))
<BR>[Address Reference Count : 1]<UL><LI> startup_stm32f407xx.o(RESET)
</UL>
<P><STRONG><a name="[31]"></a>USART3_IRQHandler</STRONG> (Thumb, 0 bytes, Stack size 0 bytes, startup_stm32f407xx.o(.text))
<BR>[Address Reference Count : 1]<UL><LI> startup_stm32f407xx.o(RESET)
</UL>
<P><STRONG><a name="[51]"></a>USART6_IRQHandler</STRONG> (Thumb, 0 bytes, Stack size 0 bytes, startup_stm32f407xx.o(.text))
<BR>[Address Reference Count : 1]<UL><LI> startup_stm32f407xx.o(RESET)
</UL>
<P><STRONG><a name="[a]"></a>WWDG_IRQHandler</STRONG> (Thumb, 0 bytes, Stack size 0 bytes, startup_stm32f407xx.o(.text))
<BR>[Address Reference Count : 1]<UL><LI> startup_stm32f407xx.o(RESET)
</UL>
<P><STRONG><a name="[eb]"></a>__aeabi_uldivmod</STRONG> (Thumb, 98 bytes, Stack size 40 bytes, uldiv.o(.text))
<BR><BR>[Stack]<UL><LI>Max Depth = 40<LI>Call Chain = __aeabi_uldivmod
</UL>
<BR>[Calls]<UL><LI><a href="#[ec]">&gt;&gt;</a>&nbsp;&nbsp;&nbsp;__aeabi_llsr
<LI><a href="#[ed]">&gt;&gt;</a>&nbsp;&nbsp;&nbsp;__aeabi_llsl
</UL>
<BR>[Called By]<UL><LI><a href="#[108]">&gt;&gt;</a>&nbsp;&nbsp;&nbsp;HAL_RCC_GetSysClockFreq
<LI><a href="#[187]">&gt;&gt;</a>&nbsp;&nbsp;&nbsp;_vsnprintf
<LI><a href="#[338]">&gt;&gt;</a>&nbsp;&nbsp;&nbsp;_printf_core
<LI><a href="#[342]">&gt;&gt;</a>&nbsp;&nbsp;&nbsp;_fp_digits
</UL>

<P><STRONG><a name="[320]"></a>rand</STRONG> (Thumb, 20 bytes, Stack size 0 bytes, rand.o(.text))
<BR><BR>[Called By]<UL><LI><a href="#[316]">&gt;&gt;</a>&nbsp;&nbsp;&nbsp;tj_particles_create
</UL>

<P><STRONG><a name="[34d]"></a>srand</STRONG> (Thumb, 6 bytes, Stack size 0 bytes, rand.o(.text), UNUSED)

<P><STRONG><a name="[34e]"></a>___aeabi_memcpy8$move</STRONG> (Thumb, 0 bytes, Stack size 8 bytes, memmovea.o(.text), UNUSED)

<P><STRONG><a name="[265]"></a>__aeabi_memcpy</STRONG> (Thumb, 64 bytes, Stack size 8 bytes, memmovea.o(.text))
<BR><BR>[Stack]<UL><LI>Max Depth = 8<LI>Call Chain = __aeabi_memcpy
</UL>
<BR>[Called By]<UL><LI><a href="#[312]">&gt;&gt;</a>&nbsp;&nbsp;&nbsp;tianji_get_lunar_date
<LI><a href="#[232]">&gt;&gt;</a>&nbsp;&nbsp;&nbsp;lv_img_buf_set_px_color
</UL>

<P><STRONG><a name="[34f]"></a>__aeabi_memcpy4</STRONG> (Thumb, 0 bytes, Stack size 8 bytes, memmovea.o(.text), UNUSED)

<P><STRONG><a name="[350]"></a>__aeabi_memmove</STRONG> (Thumb, 0 bytes, Stack size 8 bytes, memmovea.o(.text), UNUSED)

<P><STRONG><a name="[351]"></a>__aeabi_memmove4</STRONG> (Thumb, 0 bytes, Stack size 8 bytes, memmovea.o(.text), UNUSED)

<P><STRONG><a name="[352]"></a>__aeabi_memmove8</STRONG> (Thumb, 0 bytes, Stack size 8 bytes, memmovea.o(.text), UNUSED)

<P><STRONG><a name="[ef]"></a>__aeabi_memset</STRONG> (Thumb, 14 bytes, Stack size 0 bytes, memseta.o(.text))
<BR><BR>[Called By]<UL><LI><a href="#[1c3]">&gt;&gt;</a>&nbsp;&nbsp;&nbsp;lv_memset
<LI><a href="#[1d1]">&gt;&gt;</a>&nbsp;&nbsp;&nbsp;lv_memset_ff
<LI><a href="#[f0]">&gt;&gt;</a>&nbsp;&nbsp;&nbsp;_memset$wrapper
<LI><a href="#[ee]">&gt;&gt;</a>&nbsp;&nbsp;&nbsp;__aeabi_memclr
<LI><a href="#[186]">&gt;&gt;</a>&nbsp;&nbsp;&nbsp;_ntoa_format
</UL>

<P><STRONG><a name="[288]"></a>__aeabi_memset4</STRONG> (Thumb, 0 bytes, Stack size 0 bytes, memseta.o(.text))
<BR><BR>[Called By]<UL><LI><a href="#[1d1]">&gt;&gt;</a>&nbsp;&nbsp;&nbsp;lv_memset_ff
</UL>

<P><STRONG><a name="[353]"></a>__aeabi_memset8</STRONG> (Thumb, 0 bytes, Stack size 0 bytes, memseta.o(.text), UNUSED)

<P><STRONG><a name="[ee]"></a>__aeabi_memclr</STRONG> (Thumb, 4 bytes, Stack size 0 bytes, memseta.o(.text))
<BR><BR>[Calls]<UL><LI><a href="#[ef]">&gt;&gt;</a>&nbsp;&nbsp;&nbsp;__aeabi_memset
</UL>
<BR>[Called By]<UL><LI><a href="#[14c]">&gt;&gt;</a>&nbsp;&nbsp;&nbsp;lv_memset_00
<LI><a href="#[316]">&gt;&gt;</a>&nbsp;&nbsp;&nbsp;tj_particles_create
</UL>

<P><STRONG><a name="[131]"></a>__aeabi_memclr4</STRONG> (Thumb, 0 bytes, Stack size 0 bytes, memseta.o(.text))
<BR><BR>[Called By]<UL><LI><a href="#[129]">&gt;&gt;</a>&nbsp;&nbsp;&nbsp;tianji_ui_init
<LI><a href="#[130]">&gt;&gt;</a>&nbsp;&nbsp;&nbsp;SystemClock_Config
<LI><a href="#[319]">&gt;&gt;</a>&nbsp;&nbsp;&nbsp;tj_dial_create
<LI><a href="#[14c]">&gt;&gt;</a>&nbsp;&nbsp;&nbsp;lv_memset_00
<LI><a href="#[31c]">&gt;&gt;</a>&nbsp;&nbsp;&nbsp;tj_voice_create
<LI><a href="#[316]">&gt;&gt;</a>&nbsp;&nbsp;&nbsp;tj_particles_create
<LI><a href="#[2f5]">&gt;&gt;</a>&nbsp;&nbsp;&nbsp;lv_tlsf_create
</UL>

<P><STRONG><a name="[354]"></a>__aeabi_memclr8</STRONG> (Thumb, 0 bytes, Stack size 0 bytes, memseta.o(.text), UNUSED)

<P><STRONG><a name="[f0]"></a>_memset$wrapper</STRONG> (Thumb, 18 bytes, Stack size 8 bytes, memseta.o(.text), UNUSED)
<BR><BR>[Calls]<UL><LI><a href="#[ef]">&gt;&gt;</a>&nbsp;&nbsp;&nbsp;__aeabi_memset
</UL>

<P><STRONG><a name="[174]"></a>strlen</STRONG> (Thumb, 14 bytes, Stack size 0 bytes, strlen.o(.text))
<BR><BR>[Called By]<UL><LI><a href="#[193]">&gt;&gt;</a>&nbsp;&nbsp;&nbsp;lv_label_set_text
<LI><a href="#[146]">&gt;&gt;</a>&nbsp;&nbsp;&nbsp;_lv_log_add
<LI><a href="#[258]">&gt;&gt;</a>&nbsp;&nbsp;&nbsp;lv_fs_get_ext
<LI><a href="#[159]">&gt;&gt;</a>&nbsp;&nbsp;&nbsp;lv_img_decoder_open
<LI><a href="#[22b]">&gt;&gt;</a>&nbsp;&nbsp;&nbsp;lv_img_set_src
<LI><a href="#[27b]">&gt;&gt;</a>&nbsp;&nbsp;&nbsp;lv_label_refr_text
</UL>

<P><STRONG><a name="[157]"></a>strcmp</STRONG> (Thumb, 28 bytes, Stack size 8 bytes, strcmp.o(.text))
<BR><BR>[Stack]<UL><LI>Max Depth = 8<LI>Call Chain = strcmp
</UL>
<BR>[Called By]<UL><LI><a href="#[61]">&gt;&gt;</a>&nbsp;&nbsp;&nbsp;lv_img_decoder_built_in_open
<LI><a href="#[60]">&gt;&gt;</a>&nbsp;&nbsp;&nbsp;lv_img_decoder_built_in_info
<LI><a href="#[22d]">&gt;&gt;</a>&nbsp;&nbsp;&nbsp;lv_img_cache_invalidate_src
<LI><a href="#[155]">&gt;&gt;</a>&nbsp;&nbsp;&nbsp;_lv_img_cache_open
</UL>

<P><STRONG><a name="[268]"></a>strcpy</STRONG> (Thumb, 18 bytes, Stack size 0 bytes, strcpy.o(.text))
<BR><BR>[Called By]<UL><LI><a href="#[193]">&gt;&gt;</a>&nbsp;&nbsp;&nbsp;lv_label_set_text
<LI><a href="#[159]">&gt;&gt;</a>&nbsp;&nbsp;&nbsp;lv_img_decoder_open
<LI><a href="#[22b]">&gt;&gt;</a>&nbsp;&nbsp;&nbsp;lv_img_set_src
</UL>

<P><STRONG><a name="[f1]"></a>__aeabi_dmul</STRONG> (Thumb, 228 bytes, Stack size 48 bytes, dmul.o(.text), UNUSED)
<BR><BR>[Calls]<UL><LI><a href="#[f2]">&gt;&gt;</a>&nbsp;&nbsp;&nbsp;_double_epilogue
</UL>
<BR>[Called By]<UL><LI><a href="#[342]">&gt;&gt;</a>&nbsp;&nbsp;&nbsp;_fp_digits
</UL>

<P><STRONG><a name="[f3]"></a>__aeabi_ddiv</STRONG> (Thumb, 222 bytes, Stack size 32 bytes, ddiv.o(.text), UNUSED)
<BR><BR>[Calls]<UL><LI><a href="#[f4]">&gt;&gt;</a>&nbsp;&nbsp;&nbsp;_double_round
</UL>
<BR>[Called By]<UL><LI><a href="#[342]">&gt;&gt;</a>&nbsp;&nbsp;&nbsp;_fp_digits
</UL>

<P><STRONG><a name="[355]"></a>__aeabi_uidiv</STRONG> (Thumb, 0 bytes, Stack size 12 bytes, uidiv.o(.text), UNUSED)

<P><STRONG><a name="[346]"></a>__aeabi_uidivmod</STRONG> (Thumb, 44 bytes, Stack size 12 bytes, uidiv.o(.text), UNUSED)
<BR><BR>[Called By]<UL><LI><a href="#[338]">&gt;&gt;</a>&nbsp;&nbsp;&nbsp;_printf_core
</UL>

<P><STRONG><a name="[ed]"></a>__aeabi_llsl</STRONG> (Thumb, 30 bytes, Stack size 0 bytes, llshl.o(.text))
<BR><BR>[Called By]<UL><LI><a href="#[eb]">&gt;&gt;</a>&nbsp;&nbsp;&nbsp;__aeabi_uldivmod
<LI><a href="#[f2]">&gt;&gt;</a>&nbsp;&nbsp;&nbsp;_double_epilogue
<LI><a href="#[f5]">&gt;&gt;</a>&nbsp;&nbsp;&nbsp;__aeabi_dadd
<LI><a href="#[f9]">&gt;&gt;</a>&nbsp;&nbsp;&nbsp;__aeabi_d2ulz
</UL>

<P><STRONG><a name="[356]"></a>_ll_shift_l</STRONG> (Thumb, 0 bytes, Stack size 0 bytes, llshl.o(.text), UNUSED)

<P><STRONG><a name="[ec]"></a>__aeabi_llsr</STRONG> (Thumb, 32 bytes, Stack size 0 bytes, llushr.o(.text))
<BR><BR>[Called By]<UL><LI><a href="#[eb]">&gt;&gt;</a>&nbsp;&nbsp;&nbsp;__aeabi_uldivmod
<LI><a href="#[f2]">&gt;&gt;</a>&nbsp;&nbsp;&nbsp;_double_epilogue
<LI><a href="#[f9]">&gt;&gt;</a>&nbsp;&nbsp;&nbsp;__aeabi_d2ulz
</UL>

<P><STRONG><a name="[357]"></a>_ll_ushift_r</STRONG> (Thumb, 0 bytes, Stack size 0 bytes, llushr.o(.text), UNUSED)

<P><STRONG><a name="[358]"></a>__I$use$fp</STRONG> (Thumb, 0 bytes, Stack size 8 bytes, iusefp.o(.text), UNUSED)

<P><STRONG><a name="[f4]"></a>_double_round</STRONG> (Thumb, 30 bytes, Stack size 8 bytes, depilogue.o(.text), UNUSED)
<BR><BR>[Called By]<UL><LI><a href="#[f3]">&gt;&gt;</a>&nbsp;&nbsp;&nbsp;__aeabi_ddiv
<LI><a href="#[f2]">&gt;&gt;</a>&nbsp;&nbsp;&nbsp;_double_epilogue
<LI><a href="#[f5]">&gt;&gt;</a>&nbsp;&nbsp;&nbsp;__aeabi_dadd
</UL>

<P><STRONG><a name="[f2]"></a>_double_epilogue</STRONG> (Thumb, 156 bytes, Stack size 32 bytes, depilogue.o(.text), UNUSED)
<BR><BR>[Calls]<UL><LI><a href="#[ec]">&gt;&gt;</a>&nbsp;&nbsp;&nbsp;__aeabi_llsr
<LI><a href="#[ed]">&gt;&gt;</a>&nbsp;&nbsp;&nbsp;__aeabi_llsl
<LI><a href="#[f4]">&gt;&gt;</a>&nbsp;&nbsp;&nbsp;_double_round
</UL>
<BR>[Called By]<UL><LI><a href="#[f1]">&gt;&gt;</a>&nbsp;&nbsp;&nbsp;__aeabi_dmul
<LI><a href="#[f5]">&gt;&gt;</a>&nbsp;&nbsp;&nbsp;__aeabi_dadd
</UL>

<P><STRONG><a name="[f5]"></a>__aeabi_dadd</STRONG> (Thumb, 322 bytes, Stack size 48 bytes, dadd.o(.text), UNUSED)
<BR><BR>[Calls]<UL><LI><a href="#[f6]">&gt;&gt;</a>&nbsp;&nbsp;&nbsp;__aeabi_lasr
<LI><a href="#[ed]">&gt;&gt;</a>&nbsp;&nbsp;&nbsp;__aeabi_llsl
<LI><a href="#[f4]">&gt;&gt;</a>&nbsp;&nbsp;&nbsp;_double_round
<LI><a href="#[f2]">&gt;&gt;</a>&nbsp;&nbsp;&nbsp;_double_epilogue
</UL>
<BR>[Called By]<UL><LI><a href="#[f8]">&gt;&gt;</a>&nbsp;&nbsp;&nbsp;__aeabi_drsub
<LI><a href="#[f7]">&gt;&gt;</a>&nbsp;&nbsp;&nbsp;__aeabi_dsub
<LI><a href="#[342]">&gt;&gt;</a>&nbsp;&nbsp;&nbsp;_fp_digits
</UL>

<P><STRONG><a name="[f7]"></a>__aeabi_dsub</STRONG> (Thumb, 6 bytes, Stack size 0 bytes, dadd.o(.text), UNUSED)
<BR><BR>[Calls]<UL><LI><a href="#[f5]">&gt;&gt;</a>&nbsp;&nbsp;&nbsp;__aeabi_dadd
</UL>

<P><STRONG><a name="[f8]"></a>__aeabi_drsub</STRONG> (Thumb, 6 bytes, Stack size 0 bytes, dadd.o(.text), UNUSED)
<BR><BR>[Calls]<UL><LI><a href="#[f5]">&gt;&gt;</a>&nbsp;&nbsp;&nbsp;__aeabi_dadd
</UL>

<P><STRONG><a name="[f9]"></a>__aeabi_d2ulz</STRONG> (Thumb, 48 bytes, Stack size 0 bytes, dfixul.o(.text), UNUSED)
<BR><BR>[Calls]<UL><LI><a href="#[ec]">&gt;&gt;</a>&nbsp;&nbsp;&nbsp;__aeabi_llsr
<LI><a href="#[ed]">&gt;&gt;</a>&nbsp;&nbsp;&nbsp;__aeabi_llsl
</UL>
<BR>[Called By]<UL><LI><a href="#[342]">&gt;&gt;</a>&nbsp;&nbsp;&nbsp;_fp_digits
</UL>

<P><STRONG><a name="[343]"></a>__aeabi_cdrcmple</STRONG> (Thumb, 48 bytes, Stack size 0 bytes, cdrcmple.o(.text), UNUSED)
<BR><BR>[Called By]<UL><LI><a href="#[342]">&gt;&gt;</a>&nbsp;&nbsp;&nbsp;_fp_digits
</UL>

<P><STRONG><a name="[ea]"></a>__scatterload</STRONG> (Thumb, 38 bytes, Stack size 0 bytes, init.o(.text))
<BR><BR>[Calls]<UL><LI><a href="#[fa]">&gt;&gt;</a>&nbsp;&nbsp;&nbsp;__main_after_scatterload
</UL>
<BR>[Called By]<UL><LI><a href="#[e9]">&gt;&gt;</a>&nbsp;&nbsp;&nbsp;_main_scatterload
</UL>

<P><STRONG><a name="[359]"></a>__scatterload_rt2</STRONG> (Thumb, 0 bytes, Stack size 0 bytes, init.o(.text), UNUSED)

<P><STRONG><a name="[f6]"></a>__aeabi_lasr</STRONG> (Thumb, 36 bytes, Stack size 0 bytes, llsshr.o(.text), UNUSED)
<BR><BR>[Called By]<UL><LI><a href="#[f5]">&gt;&gt;</a>&nbsp;&nbsp;&nbsp;__aeabi_dadd
</UL>

<P><STRONG><a name="[35a]"></a>__semihosting_library_function</STRONG> (Thumb, 0 bytes, Stack size 0 bytes, semi.o(.text), UNUSED)

<P><STRONG><a name="[35b]"></a>_ll_sshift_r</STRONG> (Thumb, 0 bytes, Stack size 0 bytes, llsshr.o(.text), UNUSED)

<P><STRONG><a name="[202]"></a>BSP_LCD_DisplayOff</STRONG> (Thumb, 12 bytes, Stack size 0 bytes, stm32_adafruit_lcd.o(.text.BSP_LCD_DisplayOff))
<BR><BR>[Called By]<UL><LI><a href="#[1b7]">&gt;&gt;</a>&nbsp;&nbsp;&nbsp;lcd_set_backlight_hw
</UL>

<P><STRONG><a name="[35c]"></a>__I$use$semihosting$fputc</STRONG> (Thumb, 0 bytes, Stack size 0 bytes, iusesemip.o(.text), UNUSED)

<P><STRONG><a name="[201]"></a>BSP_LCD_DisplayOn</STRONG> (Thumb, 12 bytes, Stack size 0 bytes, stm32_adafruit_lcd.o(.text.BSP_LCD_DisplayOn))
<BR><BR>[Called By]<UL><LI><a href="#[1b7]">&gt;&gt;</a>&nbsp;&nbsp;&nbsp;lcd_set_backlight_hw
</UL>

<P><STRONG><a name="[203]"></a>BSP_LCD_DrawPixel</STRONG> (Thumb, 18 bytes, Stack size 0 bytes, stm32_adafruit_lcd.o(.text.BSP_LCD_DrawPixel))
<BR><BR>[Called By]<UL><LI><a href="#[1b4]">&gt;&gt;</a>&nbsp;&nbsp;&nbsp;lcd_write_pixels
</UL>

<P><STRONG><a name="[200]"></a>BSP_LCD_Init</STRONG> (Thumb, 162 bytes, Stack size 32 bytes, stm32_adafruit_lcd.o(.text.BSP_LCD_Init))
<BR><BR>[Stack]<UL><LI>Max Depth = 32<LI>Call Chain = BSP_LCD_Init
</UL>
<BR>[Called By]<UL><LI><a href="#[1b6]">&gt;&gt;</a>&nbsp;&nbsp;&nbsp;lcd_init
</UL>

<P><STRONG><a name="[125]"></a>BSP_SRAM_Init</STRONG> (Thumb, 4 bytes, Stack size 0 bytes, bsp_driver_sram.o(.text.BSP_SRAM_Init))
<BR><BR>[Called By]<UL><LI><a href="#[b5]">&gt;&gt;</a>&nbsp;&nbsp;&nbsp;SRAMDISK_initialize
</UL>

<P><STRONG><a name="[4]"></a>BusFault_Handler</STRONG> (Thumb, 42 bytes, Stack size 0 bytes, stm32f4xx_it.o(.text.BusFault_Handler))
<BR>[Address Reference Count : 1]<UL><LI> startup_stm32f407xx.o(RESET)
</UL>
<P><STRONG><a name="[7]"></a>DebugMon_Handler</STRONG> (Thumb, 2 bytes, Stack size 0 bytes, stm32f4xx_it.o(.text.DebugMon_Handler))
<BR>[Address Reference Count : 1]<UL><LI> startup_stm32f407xx.o(RESET)
</UL>
<P><STRONG><a name="[121]"></a>Error_Handler</STRONG> (Thumb, 6 bytes, Stack size 0 bytes, main.o(.text.Error_Handler))
<BR><BR>[Called By]<UL><LI><a href="#[5e]">&gt;&gt;</a>&nbsp;&nbsp;&nbsp;StartDefaultTask
<LI><a href="#[120]">&gt;&gt;</a>&nbsp;&nbsp;&nbsp;MX_FSMC_Init
</UL>

<P><STRONG><a name="[11d]"></a>FATFS_LinkDriver</STRONG> (Thumb, 76 bytes, Stack size 8 bytes, ff_gen_drv.o(.text.FATFS_LinkDriver))
<BR><BR>[Stack]<UL><LI>Max Depth = 8<LI>Call Chain = FATFS_LinkDriver
</UL>
<BR>[Called By]<UL><LI><a href="#[11c]">&gt;&gt;</a>&nbsp;&nbsp;&nbsp;MX_FATFS_Init
</UL>

<P><STRONG><a name="[10e]"></a>FSMC_NORSRAM_Extended_Timing_Init</STRONG> (Thumb, 80 bytes, Stack size 16 bytes, stm32f4xx_ll_fsmc.o(.text.FSMC_NORSRAM_Extended_Timing_Init))
<BR><BR>[Stack]<UL><LI>Max Depth = 16<LI>Call Chain = FSMC_NORSRAM_Extended_Timing_Init
</UL>
<BR>[Called By]<UL><LI><a href="#[10a]">&gt;&gt;</a>&nbsp;&nbsp;&nbsp;HAL_SRAM_Init
</UL>

<P><STRONG><a name="[10c]"></a>FSMC_NORSRAM_Init</STRONG> (Thumb, 136 bytes, Stack size 48 bytes, stm32f4xx_ll_fsmc.o(.text.FSMC_NORSRAM_Init))
<BR><BR>[Stack]<UL><LI>Max Depth = 48<LI>Call Chain = FSMC_NORSRAM_Init
</UL>
<BR>[Called By]<UL><LI><a href="#[10a]">&gt;&gt;</a>&nbsp;&nbsp;&nbsp;HAL_SRAM_Init
</UL>

<P><STRONG><a name="[10d]"></a>FSMC_NORSRAM_Timing_Init</STRONG> (Thumb, 58 bytes, Stack size 16 bytes, stm32f4xx_ll_fsmc.o(.text.FSMC_NORSRAM_Timing_Init))
<BR><BR>[Stack]<UL><LI>Max Depth = 16<LI>Call Chain = FSMC_NORSRAM_Timing_Init
</UL>
<BR>[Called By]<UL><LI><a href="#[10a]">&gt;&gt;</a>&nbsp;&nbsp;&nbsp;HAL_SRAM_Init
</UL>

<P><STRONG><a name="[fb]"></a>HAL_Delay</STRONG> (Thumb, 40 bytes, Stack size 16 bytes, stm32f4xx_hal.o(.text.HAL_Delay))
<BR><BR>[Stack]<UL><LI>Max Depth = 16<LI>Call Chain = HAL_Delay
</UL>
<BR>[Calls]<UL><LI><a href="#[fc]">&gt;&gt;</a>&nbsp;&nbsp;&nbsp;HAL_GetTick
</UL>
<BR>[Called By]<UL><LI><a href="#[11b]">&gt;&gt;</a>&nbsp;&nbsp;&nbsp;LCD_Delay
</UL>

<P><STRONG><a name="[10f]"></a>HAL_GPIO_Init</STRONG> (Thumb, 414 bytes, Stack size 48 bytes, stm32f4xx_hal_gpio.o(.text.HAL_GPIO_Init))
<BR><BR>[Stack]<UL><LI>Max Depth = 48<LI>Call Chain = HAL_GPIO_Init
</UL>
<BR>[Called By]<UL><LI><a href="#[10b]">&gt;&gt;</a>&nbsp;&nbsp;&nbsp;HAL_SRAM_MspInit
<LI><a href="#[122]">&gt;&gt;</a>&nbsp;&nbsp;&nbsp;MX_GPIO_Init
</UL>

<P><STRONG><a name="[335]"></a>HAL_GPIO_ReadPin</STRONG> (Thumb, 10 bytes, Stack size 0 bytes, stm32f4xx_hal_gpio.o(.text.HAL_GPIO_ReadPin))
<BR><BR>[Called By]<UL><LI><a href="#[32a]">&gt;&gt;</a>&nbsp;&nbsp;&nbsp;xpt2046_read_position
<LI><a href="#[328]">&gt;&gt;</a>&nbsp;&nbsp;&nbsp;xpt2046_pressed
<LI><a href="#[336]">&gt;&gt;</a>&nbsp;&nbsp;&nbsp;xpt2046_update
<LI><a href="#[334]">&gt;&gt;</a>&nbsp;&nbsp;&nbsp;xpt2046_bb_xfer8
</UL>

<P><STRONG><a name="[123]"></a>HAL_GPIO_WritePin</STRONG> (Thumb, 10 bytes, Stack size 0 bytes, stm32f4xx_hal_gpio.o(.text.HAL_GPIO_WritePin))
<BR><BR>[Called By]<UL><LI><a href="#[122]">&gt;&gt;</a>&nbsp;&nbsp;&nbsp;MX_GPIO_Init
<LI><a href="#[326]">&gt;&gt;</a>&nbsp;&nbsp;&nbsp;xpt2046_init
<LI><a href="#[1b7]">&gt;&gt;</a>&nbsp;&nbsp;&nbsp;lcd_set_backlight_hw
<LI><a href="#[336]">&gt;&gt;</a>&nbsp;&nbsp;&nbsp;xpt2046_update
<LI><a href="#[334]">&gt;&gt;</a>&nbsp;&nbsp;&nbsp;xpt2046_bb_xfer8
</UL>

<P><STRONG><a name="[fc]"></a>HAL_GetTick</STRONG> (Thumb, 12 bytes, Stack size 0 bytes, stm32f4xx_hal.o(.text.HAL_GetTick))
<BR><BR>[Called By]<UL><LI><a href="#[fb]">&gt;&gt;</a>&nbsp;&nbsp;&nbsp;HAL_Delay
<LI><a href="#[5e]">&gt;&gt;</a>&nbsp;&nbsp;&nbsp;StartDefaultTask
<LI><a href="#[107]">&gt;&gt;</a>&nbsp;&nbsp;&nbsp;HAL_RCC_ClockConfig
<LI><a href="#[109]">&gt;&gt;</a>&nbsp;&nbsp;&nbsp;HAL_RCC_OscConfig
<LI><a href="#[14d]">&gt;&gt;</a>&nbsp;&nbsp;&nbsp;lv_tick_elaps
<LI><a href="#[13a]">&gt;&gt;</a>&nbsp;&nbsp;&nbsp;lv_tick_get
</UL>

<P><STRONG><a name="[11a]"></a>HAL_IncTick</STRONG> (Thumb, 26 bytes, Stack size 0 bytes, stm32f4xx_hal.o(.text.HAL_IncTick))
<BR><BR>[Called By]<UL><LI><a href="#[116]">&gt;&gt;</a>&nbsp;&nbsp;&nbsp;HAL_TIM_PeriodElapsedCallback
</UL>

<P><STRONG><a name="[fd]"></a>HAL_Init</STRONG> (Thumb, 54 bytes, Stack size 8 bytes, stm32f4xx_hal.o(.text.HAL_Init))
<BR><BR>[Stack]<UL><LI>Max Depth = 72<LI>Call Chain = HAL_Init &rArr; HAL_InitTick &rArr; HAL_TIM_Base_Init &rArr; TIM_Base_SetConfig
</UL>
<BR>[Calls]<UL><LI><a href="#[fe]">&gt;&gt;</a>&nbsp;&nbsp;&nbsp;HAL_NVIC_SetPriorityGrouping
<LI><a href="#[ff]">&gt;&gt;</a>&nbsp;&nbsp;&nbsp;HAL_InitTick
<LI><a href="#[100]">&gt;&gt;</a>&nbsp;&nbsp;&nbsp;HAL_MspInit
</UL>
<BR>[Called By]<UL><LI><a href="#[5b]">&gt;&gt;</a>&nbsp;&nbsp;&nbsp;main
</UL>

<P><STRONG><a name="[ff]"></a>HAL_InitTick</STRONG> (Thumb, 170 bytes, Stack size 40 bytes, stm32f4xx_hal_timebase_tim.o(.text.HAL_InitTick))
<BR><BR>[Stack]<UL><LI>Max Depth = 64<LI>Call Chain = HAL_InitTick &rArr; HAL_TIM_Base_Init &rArr; TIM_Base_SetConfig
</UL>
<BR>[Calls]<UL><LI><a href="#[105]">&gt;&gt;</a>&nbsp;&nbsp;&nbsp;HAL_NVIC_EnableIRQ
<LI><a href="#[104]">&gt;&gt;</a>&nbsp;&nbsp;&nbsp;HAL_TIM_Base_Start_IT
<LI><a href="#[103]">&gt;&gt;</a>&nbsp;&nbsp;&nbsp;HAL_TIM_Base_Init
<LI><a href="#[102]">&gt;&gt;</a>&nbsp;&nbsp;&nbsp;HAL_RCC_GetPCLK2Freq
<LI><a href="#[101]">&gt;&gt;</a>&nbsp;&nbsp;&nbsp;HAL_RCC_GetClockConfig
<LI><a href="#[106]">&gt;&gt;</a>&nbsp;&nbsp;&nbsp;HAL_NVIC_SetPriority
</UL>
<BR>[Called By]<UL><LI><a href="#[107]">&gt;&gt;</a>&nbsp;&nbsp;&nbsp;HAL_RCC_ClockConfig
<LI><a href="#[fd]">&gt;&gt;</a>&nbsp;&nbsp;&nbsp;HAL_Init
</UL>

<P><STRONG><a name="[100]"></a>HAL_MspInit</STRONG> (Thumb, 66 bytes, Stack size 8 bytes, stm32f4xx_hal_msp.o(.text.HAL_MspInit))
<BR><BR>[Stack]<UL><LI>Max Depth = 16<LI>Call Chain = HAL_MspInit &rArr; HAL_NVIC_SetPriority
</UL>
<BR>[Calls]<UL><LI><a href="#[106]">&gt;&gt;</a>&nbsp;&nbsp;&nbsp;HAL_NVIC_SetPriority
</UL>
<BR>[Called By]<UL><LI><a href="#[fd]">&gt;&gt;</a>&nbsp;&nbsp;&nbsp;HAL_Init
</UL>

<P><STRONG><a name="[105]"></a>HAL_NVIC_EnableIRQ</STRONG> (Thumb, 34 bytes, Stack size 0 bytes, stm32f4xx_hal_cortex.o(.text.HAL_NVIC_EnableIRQ))
<BR><BR>[Called By]<UL><LI><a href="#[ff]">&gt;&gt;</a>&nbsp;&nbsp;&nbsp;HAL_InitTick
</UL>

<P><STRONG><a name="[106]"></a>HAL_NVIC_SetPriority</STRONG> (Thumb, 86 bytes, Stack size 8 bytes, stm32f4xx_hal_cortex.o(.text.HAL_NVIC_SetPriority))
<BR><BR>[Stack]<UL><LI>Max Depth = 8<LI>Call Chain = HAL_NVIC_SetPriority
</UL>
<BR>[Called By]<UL><LI><a href="#[ff]">&gt;&gt;</a>&nbsp;&nbsp;&nbsp;HAL_InitTick
<LI><a href="#[100]">&gt;&gt;</a>&nbsp;&nbsp;&nbsp;HAL_MspInit
</UL>

<P><STRONG><a name="[fe]"></a>HAL_NVIC_SetPriorityGrouping</STRONG> (Thumb, 32 bytes, Stack size 0 bytes, stm32f4xx_hal_cortex.o(.text.HAL_NVIC_SetPriorityGrouping))
<BR><BR>[Called By]<UL><LI><a href="#[fd]">&gt;&gt;</a>&nbsp;&nbsp;&nbsp;HAL_Init
</UL>

<P><STRONG><a name="[107]"></a>HAL_RCC_ClockConfig</STRONG> (Thumb, 356 bytes, Stack size 24 bytes, stm32f4xx_hal_rcc.o(.text.HAL_RCC_ClockConfig))
<BR><BR>[Stack]<UL><LI>Max Depth = 88<LI>Call Chain = HAL_RCC_ClockConfig &rArr; HAL_InitTick &rArr; HAL_TIM_Base_Init &rArr; TIM_Base_SetConfig
</UL>
<BR>[Calls]<UL><LI><a href="#[108]">&gt;&gt;</a>&nbsp;&nbsp;&nbsp;HAL_RCC_GetSysClockFreq
<LI><a href="#[ff]">&gt;&gt;</a>&nbsp;&nbsp;&nbsp;HAL_InitTick
<LI><a href="#[fc]">&gt;&gt;</a>&nbsp;&nbsp;&nbsp;HAL_GetTick
</UL>
<BR>[Called By]<UL><LI><a href="#[130]">&gt;&gt;</a>&nbsp;&nbsp;&nbsp;SystemClock_Config
</UL>

<P><STRONG><a name="[101]"></a>HAL_RCC_GetClockConfig</STRONG> (Thumb, 62 bytes, Stack size 0 bytes, stm32f4xx_hal_rcc.o(.text.HAL_RCC_GetClockConfig))
<BR><BR>[Called By]<UL><LI><a href="#[ff]">&gt;&gt;</a>&nbsp;&nbsp;&nbsp;HAL_InitTick
</UL>

<P><STRONG><a name="[102]"></a>HAL_RCC_GetPCLK2Freq</STRONG> (Thumb, 38 bytes, Stack size 0 bytes, stm32f4xx_hal_rcc.o(.text.HAL_RCC_GetPCLK2Freq))
<BR><BR>[Called By]<UL><LI><a href="#[ff]">&gt;&gt;</a>&nbsp;&nbsp;&nbsp;HAL_InitTick
</UL>

<P><STRONG><a name="[108]"></a>HAL_RCC_GetSysClockFreq</STRONG> (Thumb, 112 bytes, Stack size 8 bytes, stm32f4xx_hal_rcc.o(.text.HAL_RCC_GetSysClockFreq))
<BR><BR>[Stack]<UL><LI>Max Depth = 48<LI>Call Chain = HAL_RCC_GetSysClockFreq &rArr; __aeabi_uldivmod
</UL>
<BR>[Calls]<UL><LI><a href="#[eb]">&gt;&gt;</a>&nbsp;&nbsp;&nbsp;__aeabi_uldivmod
</UL>
<BR>[Called By]<UL><LI><a href="#[107]">&gt;&gt;</a>&nbsp;&nbsp;&nbsp;HAL_RCC_ClockConfig
</UL>

<P><STRONG><a name="[109]"></a>HAL_RCC_OscConfig</STRONG> (Thumb, 940 bytes, Stack size 32 bytes, stm32f4xx_hal_rcc.o(.text.HAL_RCC_OscConfig))
<BR><BR>[Stack]<UL><LI>Max Depth = 32<LI>Call Chain = HAL_RCC_OscConfig
</UL>
<BR>[Calls]<UL><LI><a href="#[fc]">&gt;&gt;</a>&nbsp;&nbsp;&nbsp;HAL_GetTick
</UL>
<BR>[Called By]<UL><LI><a href="#[130]">&gt;&gt;</a>&nbsp;&nbsp;&nbsp;SystemClock_Config
</UL>

<P><STRONG><a name="[10a]"></a>HAL_SRAM_Init</STRONG> (Thumb, 92 bytes, Stack size 16 bytes, stm32f4xx_hal_sram.o(.text.HAL_SRAM_Init))
<BR><BR>[Stack]<UL><LI>Max Depth = 120<LI>Call Chain = HAL_SRAM_Init &rArr; HAL_SRAM_MspInit &rArr; HAL_GPIO_Init
</UL>
<BR>[Calls]<UL><LI><a href="#[10b]">&gt;&gt;</a>&nbsp;&nbsp;&nbsp;HAL_SRAM_MspInit
<LI><a href="#[10e]">&gt;&gt;</a>&nbsp;&nbsp;&nbsp;FSMC_NORSRAM_Extended_Timing_Init
<LI><a href="#[10d]">&gt;&gt;</a>&nbsp;&nbsp;&nbsp;FSMC_NORSRAM_Timing_Init
<LI><a href="#[10c]">&gt;&gt;</a>&nbsp;&nbsp;&nbsp;FSMC_NORSRAM_Init
</UL>
<BR>[Called By]<UL><LI><a href="#[120]">&gt;&gt;</a>&nbsp;&nbsp;&nbsp;MX_FSMC_Init
</UL>

<P><STRONG><a name="[10b]"></a>HAL_SRAM_MspInit</STRONG> (Thumb, 186 bytes, Stack size 56 bytes, fsmc.o(.text.HAL_SRAM_MspInit))
<BR><BR>[Stack]<UL><LI>Max Depth = 104<LI>Call Chain = HAL_SRAM_MspInit &rArr; HAL_GPIO_Init
</UL>
<BR>[Calls]<UL><LI><a href="#[10f]">&gt;&gt;</a>&nbsp;&nbsp;&nbsp;HAL_GPIO_Init
</UL>
<BR>[Called By]<UL><LI><a href="#[10a]">&gt;&gt;</a>&nbsp;&nbsp;&nbsp;HAL_SRAM_Init
</UL>

<P><STRONG><a name="[117]"></a>HAL_TIMEx_BreakCallback</STRONG> (Thumb, 2 bytes, Stack size 0 bytes, stm32f4xx_hal_tim_ex.o(.text.HAL_TIMEx_BreakCallback))
<BR><BR>[Called By]<UL><LI><a href="#[112]">&gt;&gt;</a>&nbsp;&nbsp;&nbsp;HAL_TIM_IRQHandler
</UL>

<P><STRONG><a name="[119]"></a>HAL_TIMEx_CommutCallback</STRONG> (Thumb, 2 bytes, Stack size 0 bytes, stm32f4xx_hal_tim_ex.o(.text.HAL_TIMEx_CommutCallback))
<BR><BR>[Called By]<UL><LI><a href="#[112]">&gt;&gt;</a>&nbsp;&nbsp;&nbsp;HAL_TIM_IRQHandler
</UL>

<P><STRONG><a name="[103]"></a>HAL_TIM_Base_Init</STRONG> (Thumb, 90 bytes, Stack size 8 bytes, stm32f4xx_hal_tim.o(.text.HAL_TIM_Base_Init))
<BR><BR>[Stack]<UL><LI>Max Depth = 24<LI>Call Chain = HAL_TIM_Base_Init &rArr; TIM_Base_SetConfig
</UL>
<BR>[Calls]<UL><LI><a href="#[111]">&gt;&gt;</a>&nbsp;&nbsp;&nbsp;TIM_Base_SetConfig
<LI><a href="#[110]">&gt;&gt;</a>&nbsp;&nbsp;&nbsp;HAL_TIM_Base_MspInit
</UL>
[...]
</UL>
<BR>[Calls]<UL><LI><a href="#[22b]">&gt;&gt;</a>&nbsp;&nbsp;&nbsp;lv_img_set_src
</UL>
<BR>[Address Reference Count : 1]<UL><LI> lv_canvas.o(.rodata.lv_canvas_class)
</UL>
<P><STRONG><a name="[c1]"></a>lv_canvas_destructor</STRONG> (Thumb, 8 bytes, Stack size 0 bytes, lv_canvas.o(.text.lv_canvas_destructor))
<BR><BR>[Stack]<UL><LI>Max Depth = 184<LI>Call Chain = lv_canvas_destructor &rArr; lv_img_cache_invalidate_src &rArr; lv_img_decoder_close &rArr; lv_mem_free &rArr; lv_tlsf_free &rArr; block_merge_next &rArr; block_remove &rArr; _lv_log_add &rArr; __2printf
</UL>
<BR>[Calls]<UL><LI><a href="#[22d]">&gt;&gt;</a>&nbsp;&nbsp;&nbsp;lv_img_cache_invalidate_src
</UL>
<BR>[Address Reference Count : 1]<UL><LI> lv_canvas.o(.rodata.lv_canvas_class)
</UL>
<P><STRONG><a name="[1f6]"></a>init_fake_disp</STRONG> (Thumb, 196 bytes, Stack size 40 bytes, lv_canvas.o(.text.init_fake_disp))
<BR><BR>[Stack]<UL><LI>Max Depth = 184<LI>Call Chain = init_fake_disp &rArr; lv_mem_alloc &rArr; lv_tlsf_malloc &rArr; block_prepare_used &rArr; block_split &rArr; _lv_log_add &rArr; __2printf
</UL>
<BR>[Calls]<UL><LI><a href="#[173]">&gt;&gt;</a>&nbsp;&nbsp;&nbsp;lv_mem_alloc
<LI><a href="#[1b9]">&gt;&gt;</a>&nbsp;&nbsp;&nbsp;lv_disp_drv_init
<LI><a href="#[14c]">&gt;&gt;</a>&nbsp;&nbsp;&nbsp;lv_memset_00
<LI><a href="#[146]">&gt;&gt;</a>&nbsp;&nbsp;&nbsp;_lv_log_add
<LI><a href="#[75]">&gt;&gt;</a>&nbsp;&nbsp;&nbsp;lv_draw_sw_init_ctx
<LI><a href="#[1f7]">&gt;&gt;</a>&nbsp;&nbsp;&nbsp;lv_disp_drv_use_generic_set_px_cb
</UL>
<BR>[Called By]<UL><LI><a href="#[22e]">&gt;&gt;</a>&nbsp;&nbsp;&nbsp;lv_canvas_draw_rect
</UL>

<P><STRONG><a name="[c4]"></a>lv_img_constructor</STRONG> (Thumb, 98 bytes, Stack size 16 bytes, lv_img.o(.text.lv_img_constructor))
<BR><BR>[Stack]<UL><LI>Max Depth = 368<LI>Call Chain = lv_img_constructor &rArr; lv_obj_add_flag &rArr; lv_group_focus_next &rArr; focus_next_core &rArr; lv_obj_invalidate &rArr; lv_obj_area_is_visible &rArr; lv_obj_get_transformed_area &rArr; lv_obj_transform_point &rArr;  lv_obj_transform_point (Cycle)
</UL>
<BR>[Calls]<UL><LI><a href="#[208]">&gt;&gt;</a>&nbsp;&nbsp;&nbsp;lv_obj_add_flag
<LI><a href="#[209]">&gt;&gt;</a>&nbsp;&nbsp;&nbsp;lv_obj_clear_flag
<LI><a href="#[6e]">&gt;&gt;</a>&nbsp;&nbsp;&nbsp;lv_obj_get_height
<LI><a href="#[6d]">&gt;&gt;</a>&nbsp;&nbsp;&nbsp;lv_obj_get_width
</UL>
<BR>[Address Reference Count : 1]<UL><LI> lv_img.o(.rodata.lv_img_class)
</UL>
<P><STRONG><a name="[c5]"></a>lv_img_destructor</STRONG> (Thumb, 48 bytes, Stack size 8 bytes, lv_img.o(.text.lv_img_destructor))
<BR><BR>[Stack]<UL><LI>Max Depth = 160<LI>Call Chain = lv_img_destructor &rArr; lv_mem_free &rArr; lv_tlsf_free &rArr; block_merge_next &rArr; block_remove &rArr; _lv_log_add &rArr; __2printf
</UL>
<BR>[Calls]<UL><LI><a href="#[143]">&gt;&gt;</a>&nbsp;&nbsp;&nbsp;lv_mem_free
</UL>
<BR>[Address Reference Count : 1]<UL><LI> lv_img.o(.rodata.lv_img_class)
</UL>
<P><STRONG><a name="[c6]"></a>lv_img_event</STRONG> (Thumb, 1964 bytes, Stack size 136 bytes, lv_img.o(.text.lv_img_event))
<BR><BR>[Stack]<UL><LI>Max Depth = 832<LI>Call Chain = lv_img_event &rArr; lv_draw_img &rArr; lv_draw_label &rArr; lv_txt_get_size &rArr; _lv_txt_get_next_line &rArr; lv_font_get_glyph_width &rArr; _lv_log_add &rArr; __2printf
</UL>
<BR>[Calls]<UL><LI><a href="#[1ad]">&gt;&gt;</a>&nbsp;&nbsp;&nbsp;lv_event_get_code
<LI><a href="#[269]">&gt;&gt;</a>&nbsp;&nbsp;&nbsp;lv_obj_get_click_area
<LI><a href="#[172]">&gt;&gt;</a>&nbsp;&nbsp;&nbsp;_lv_area_intersect
<LI><a href="#[226]">&gt;&gt;</a>&nbsp;&nbsp;&nbsp;lv_obj_get_coords
<LI><a href="#[26b]">&gt;&gt;</a>&nbsp;&nbsp;&nbsp;lv_obj_init_draw_img_dsc
<LI><a href="#[26c]">&gt;&gt;</a>&nbsp;&nbsp;&nbsp;lv_obj_init_draw_label_dsc
<LI><a href="#[26a]">&gt;&gt;</a>&nbsp;&nbsp;&nbsp;lv_obj_refresh_ext_draw_size
<LI><a href="#[137]">&gt;&gt;</a>&nbsp;&nbsp;&nbsp;_lv_area_is_in
<LI><a href="#[15e]">&gt;&gt;</a>&nbsp;&nbsp;&nbsp;lv_obj_get_style_prop
<LI><a href="#[138]">&gt;&gt;</a>&nbsp;&nbsp;&nbsp;_lv_area_is_point_on
<LI><a href="#[213]">&gt;&gt;</a>&nbsp;&nbsp;&nbsp;lv_event_get_draw_ctx
<LI><a href="#[212]">&gt;&gt;</a>&nbsp;&nbsp;&nbsp;lv_event_get_param
<LI><a href="#[20f]">&gt;&gt;</a>&nbsp;&nbsp;&nbsp;lv_event_get_target
<LI><a href="#[20e]">&gt;&gt;</a>&nbsp;&nbsp;&nbsp;lv_obj_event_base
<LI><a href="#[146]">&gt;&gt;</a>&nbsp;&nbsp;&nbsp;_lv_log_add
<LI><a href="#[6e]">&gt;&gt;</a>&nbsp;&nbsp;&nbsp;lv_obj_get_height
<LI><a href="#[6d]">&gt;&gt;</a>&nbsp;&nbsp;&nbsp;lv_obj_get_width
<LI><a href="#[153]">&gt;&gt;</a>&nbsp;&nbsp;&nbsp;_lv_img_buf_get_transformed_area
<LI><a href="#[1cc]">&gt;&gt;</a>&nbsp;&nbsp;&nbsp;lv_draw_label
<LI><a href="#[1cb]">&gt;&gt;</a>&nbsp;&nbsp;&nbsp;lv_draw_label_dsc_init
<LI><a href="#[1cf]">&gt;&gt;</a>&nbsp;&nbsp;&nbsp;lv_draw_img
<LI><a href="#[1ce]">&gt;&gt;</a>&nbsp;&nbsp;&nbsp;lv_draw_img_dsc_init
<LI><a href="#[22b]">&gt;&gt;</a>&nbsp;&nbsp;&nbsp;lv_img_set_src
</UL>
<BR>[Address Reference Count : 1]<UL><LI> lv_img.o(.rodata.lv_img_class)
</UL>
<P><STRONG><a name="[c7]"></a>lv_label_constructor</STRONG> (Thumb, 72 bytes, Stack size 8 bytes, lv_label.o(.text.lv_label_constructor))
<BR><BR>[Stack]<UL><LI>Max Depth = 512<LI>Call Chain = lv_label_constructor &rArr; lv_label_set_text &rArr; lv_label_refr_text &rArr; lv_label_get_letter_on &rArr; _lv_txt_get_next_line &rArr; lv_font_get_glyph_width &rArr; _lv_log_add &rArr; __2printf
</UL>
<BR>[Calls]<UL><LI><a href="#[193]">&gt;&gt;</a>&nbsp;&nbsp;&nbsp;lv_label_set_text
<LI><a href="#[209]">&gt;&gt;</a>&nbsp;&nbsp;&nbsp;lv_obj_clear_flag
<LI><a href="#[279]">&gt;&gt;</a>&nbsp;&nbsp;&nbsp;lv_label_set_long_mode
</UL>
<BR>[Address Reference Count : 1]<UL><LI> lv_label.o(.rodata.lv_label_class)
</UL>
<P><STRONG><a name="[c8]"></a>lv_label_destructor</STRONG> (Thumb, 50 bytes, Stack size 16 bytes, lv_label.o(.text.lv_label_destructor))
<BR><BR>[Stack]<UL><LI>Max Depth = 168<LI>Call Chain = lv_label_destructor &rArr; lv_mem_free &rArr; lv_tlsf_free &rArr; block_merge_next &rArr; block_remove &rArr; _lv_log_add &rArr; __2printf
</UL>
<BR>[Calls]<UL><LI><a href="#[143]">&gt;&gt;</a>&nbsp;&nbsp;&nbsp;lv_mem_free
</UL>
<BR>[Address Reference Count : 1]<UL><LI> lv_label.o(.rodata.lv_label_class)
</UL>
<P><STRONG><a name="[c9]"></a>lv_label_event</STRONG> (Thumb, 1310 bytes, Stack size 96 bytes, lv_label.o(.text.lv_label_event))
<BR><BR>[Stack]<UL><LI>Max Depth = 632<LI>Call Chain = lv_label_event &rArr; lv_draw_label &rArr; lv_txt_get_size &rArr; _lv_txt_get_next_line &rArr; lv_font_get_glyph_width &rArr; _lv_log_add &rArr; __2printf
</UL>
<BR>[Calls]<UL><LI><a href="#[143]">&gt;&gt;</a>&nbsp;&nbsp;&nbsp;lv_mem_free
<LI><a href="#[1ad]">&gt;&gt;</a>&nbsp;&nbsp;&nbsp;lv_event_get_code
<LI><a href="#[172]">&gt;&gt;</a>&nbsp;&nbsp;&nbsp;_lv_area_intersect
<LI><a href="#[27a]">&gt;&gt;</a>&nbsp;&nbsp;&nbsp;lv_obj_get_content_coords
<LI><a href="#[197]">&gt;&gt;</a>&nbsp;&nbsp;&nbsp;lv_obj_get_content_width
<LI><a href="#[26c]">&gt;&gt;</a>&nbsp;&nbsp;&nbsp;lv_obj_init_draw_label_dsc
<LI><a href="#[17a]">&gt;&gt;</a>&nbsp;&nbsp;&nbsp;_lv_obj_style_apply_color_filter
<LI><a href="#[166]">&gt;&gt;</a>&nbsp;&nbsp;&nbsp;lv_obj_get_scroll_top
<LI><a href="#[15e]">&gt;&gt;</a>&nbsp;&nbsp;&nbsp;lv_obj_get_style_prop
<LI><a href="#[252]">&gt;&gt;</a>&nbsp;&nbsp;&nbsp;lv_event_set_ext_draw_size
<LI><a href="#[213]">&gt;&gt;</a>&nbsp;&nbsp;&nbsp;lv_event_get_draw_ctx
<LI><a href="#[212]">&gt;&gt;</a>&nbsp;&nbsp;&nbsp;lv_event_get_param
<LI><a href="#[20f]">&gt;&gt;</a>&nbsp;&nbsp;&nbsp;lv_event_get_target
<LI><a href="#[20e]">&gt;&gt;</a>&nbsp;&nbsp;&nbsp;lv_obj_event_base
<LI><a href="#[24a]">&gt;&gt;</a>&nbsp;&nbsp;&nbsp;lv_area_move
<LI><a href="#[185]">&gt;&gt;</a>&nbsp;&nbsp;&nbsp;lv_font_get_glyph_width
<LI><a href="#[1ca]">&gt;&gt;</a>&nbsp;&nbsp;&nbsp;lv_txt_get_size
<LI><a href="#[1cc]">&gt;&gt;</a>&nbsp;&nbsp;&nbsp;lv_draw_label
<LI><a href="#[1cb]">&gt;&gt;</a>&nbsp;&nbsp;&nbsp;lv_draw_label_dsc_init
<LI><a href="#[27b]">&gt;&gt;</a>&nbsp;&nbsp;&nbsp;lv_label_refr_text
</UL>
<BR>[Address Reference Count : 1]<UL><LI> lv_label.o(.rodata.lv_label_class)
</UL>
<P><STRONG><a name="[27b]"></a>lv_label_refr_text</STRONG> (Thumb, 1398 bytes, Stack size 136 bytes, lv_label.o(.text.lv_label_refr_text))
<BR><BR>[Stack]<UL><LI>Max Depth = 472<LI>Call Chain = lv_label_refr_text &rArr; lv_label_get_letter_on &rArr; _lv_txt_get_next_line &rArr; lv_font_get_glyph_width &rArr; _lv_log_add &rArr; __2printf
</UL>
<BR>[Calls]<UL><LI><a href="#[21d]">&gt;&gt;</a>&nbsp;&nbsp;&nbsp;lv_disp_get_dpi
<LI><a href="#[280]">&gt;&gt;</a>&nbsp;&nbsp;&nbsp;lv_anim_speed_to_time
<LI><a href="#[205]">&gt;&gt;</a>&nbsp;&nbsp;&nbsp;lv_anim_get
<LI><a href="#[27a]">&gt;&gt;</a>&nbsp;&nbsp;&nbsp;lv_obj_get_content_coords
<LI><a href="#[26d]">&gt;&gt;</a>&nbsp;&nbsp;&nbsp;lv_obj_refresh_self_size
<LI><a href="#[15e]">&gt;&gt;</a>&nbsp;&nbsp;&nbsp;lv_obj_get_style_prop
<LI><a href="#[179]">&gt;&gt;</a>&nbsp;&nbsp;&nbsp;lv_obj_invalidate
<LI><a href="#[204]">&gt;&gt;</a>&nbsp;&nbsp;&nbsp;lv_anim_del
<LI><a href="#[27f]">&gt;&gt;</a>&nbsp;&nbsp;&nbsp;lv_obj_get_disp
<LI><a href="#[17f]">&gt;&gt;</a>&nbsp;&nbsp;&nbsp;lv_anim_start
<LI><a href="#[17e]">&gt;&gt;</a>&nbsp;&nbsp;&nbsp;lv_anim_init
<LI><a href="#[185]">&gt;&gt;</a>&nbsp;&nbsp;&nbsp;lv_font_get_glyph_width
<LI><a href="#[1ca]">&gt;&gt;</a>&nbsp;&nbsp;&nbsp;lv_txt_get_size
<LI><a href="#[174]">&gt;&gt;</a>&nbsp;&nbsp;&nbsp;strlen
<LI><a href="#[27c]">&gt;&gt;</a>&nbsp;&nbsp;&nbsp;lv_label_get_letter_on
<LI><a href="#[281]">&gt;&gt;</a>&nbsp;&nbsp;&nbsp;lv_label_set_dot_tmp
</UL>
<BR>[Called By]<UL><LI><a href="#[193]">&gt;&gt;</a>&nbsp;&nbsp;&nbsp;lv_label_set_text
<LI><a href="#[279]">&gt;&gt;</a>&nbsp;&nbsp;&nbsp;lv_label_set_long_mode
<LI><a href="#[c9]">&gt;&gt;</a>&nbsp;&nbsp;&nbsp;lv_label_event
</UL>

<P><STRONG><a name="[96]"></a>set_ofs_x_anim</STRONG> (Thumb, 8 bytes, Stack size 0 bytes, lv_label.o(.text.set_ofs_x_anim))
<BR><BR>[Stack]<UL><LI>Max Depth = 272<LI>Call Chain = set_ofs_x_anim &rArr; lv_obj_invalidate &rArr; lv_obj_area_is_visible &rArr; lv_obj_get_transformed_area &rArr; lv_obj_transform_point &rArr;  lv_obj_transform_point (Cycle)
</UL>
<BR>[Calls]<UL><LI><a href="#[179]">&gt;&gt;</a>&nbsp;&nbsp;&nbsp;lv_obj_invalidate
</UL>
<BR>[Address Reference Count : 2]<UL><LI> lv_label.o(.text.lv_label_refr_text)
<LI> lv_label.o(.text.lv_label_set_long_mode)
</UL>
<P><STRONG><a name="[97]"></a>set_ofs_y_anim</STRONG> (Thumb, 8 bytes, Stack size 0 bytes, lv_label.o(.text.set_ofs_y_anim))
<BR><BR>[Stack]<UL><LI>Max Depth = 272<LI>Call Chain = set_ofs_y_anim &rArr; lv_obj_invalidate &rArr; lv_obj_area_is_visible &rArr; lv_obj_get_transformed_area &rArr; lv_obj_transform_point &rArr;  lv_obj_transform_point (Cycle)
</UL>
<BR>[Calls]<UL><LI><a href="#[179]">&gt;&gt;</a>&nbsp;&nbsp;&nbsp;lv_obj_invalidate
</UL>
<BR>[Address Reference Count : 2]<UL><LI> lv_label.o(.text.lv_label_refr_text)
<LI> lv_label.o(.text.lv_label_set_long_mode)
</UL>
<P><STRONG><a name="[281]"></a>lv_label_set_dot_tmp</STRONG> (Thumb, 140 bytes, Stack size 24 bytes, lv_label.o(.text.lv_label_set_dot_tmp))
<BR><BR>[Stack]<UL><LI>Max Depth = 176<LI>Call Chain = lv_label_set_dot_tmp &rArr; lv_mem_free &rArr; lv_tlsf_free &rArr; block_merge_next &rArr; block_remove &rArr; _lv_log_add &rArr; __2printf
</UL>
<BR>[Calls]<UL><LI><a href="#[143]">&gt;&gt;</a>&nbsp;&nbsp;&nbsp;lv_mem_free
<LI><a href="#[173]">&gt;&gt;</a>&nbsp;&nbsp;&nbsp;lv_mem_alloc
<LI><a href="#[1d7]">&gt;&gt;</a>&nbsp;&nbsp;&nbsp;lv_memcpy
<LI><a href="#[146]">&gt;&gt;</a>&nbsp;&nbsp;&nbsp;_lv_log_add
</UL>
<BR>[Called By]<UL><LI><a href="#[27b]">&gt;&gt;</a>&nbsp;&nbsp;&nbsp;lv_label_refr_text
</UL>

<P><STRONG><a name="[cc]"></a>lv_line_constructor</STRONG> (Thumb, 26 bytes, Stack size 0 bytes, lv_line.o(.text.lv_line_constructor))
<BR><BR>[Stack]<UL><LI>Max Depth = 312<LI>Call Chain = lv_line_constructor &rArr; lv_obj_clear_flag &rArr; lv_obj_invalidate &rArr; lv_obj_area_is_visible &rArr; lv_obj_get_transformed_area &rArr; lv_obj_transform_point &rArr;  lv_obj_transform_point (Cycle)
</UL>
<BR>[Calls]<UL><LI><a href="#[209]">&gt;&gt;</a>&nbsp;&nbsp;&nbsp;lv_obj_clear_flag
</UL>
<BR>[Address Reference Count : 1]<UL><LI> lv_line.o(.rodata.lv_line_class)
</UL>
<P><STRONG><a name="[cd]"></a>lv_line_event</STRONG> (Thumb, 636 bytes, Stack size 72 bytes, lv_line.o(.text.lv_line_event))
<BR><BR>[Stack]<UL><LI>Max Depth = 208<LI>Call Chain = lv_line_event &rArr; lv_obj_init_draw_line_dsc &rArr; _lv_obj_style_apply_color_filter &rArr; lv_obj_get_style_prop &rArr; lv_style_get_prop
</UL>
<BR>[Calls]<UL><LI><a href="#[1ad]">&gt;&gt;</a>&nbsp;&nbsp;&nbsp;lv_event_get_code
<LI><a href="#[226]">&gt;&gt;</a>&nbsp;&nbsp;&nbsp;lv_obj_get_coords
<LI><a href="#[283]">&gt;&gt;</a>&nbsp;&nbsp;&nbsp;lv_obj_init_draw_line_dsc
<LI><a href="#[1d9]">&gt;&gt;</a>&nbsp;&nbsp;&nbsp;lv_obj_get_scroll_y
<LI><a href="#[1da]">&gt;&gt;</a>&nbsp;&nbsp;&nbsp;lv_obj_get_scroll_x
<LI><a href="#[15e]">&gt;&gt;</a>&nbsp;&nbsp;&nbsp;lv_obj_get_style_prop
<LI><a href="#[213]">&gt;&gt;</a>&nbsp;&nbsp;&nbsp;lv_event_get_draw_ctx
<LI><a href="#[212]">&gt;&gt;</a>&nbsp;&nbsp;&nbsp;lv_event_get_param
<LI><a href="#[20f]">&gt;&gt;</a>&nbsp;&nbsp;&nbsp;lv_event_get_target
<LI><a href="#[20e]">&gt;&gt;</a>&nbsp;&nbsp;&nbsp;lv_obj_event_base
<LI><a href="#[6e]">&gt;&gt;</a>&nbsp;&nbsp;&nbsp;lv_obj_get_height
<LI><a href="#[243]">&gt;&gt;</a>&nbsp;&nbsp;&nbsp;lv_draw_line
<LI><a href="#[242]">&gt;&gt;</a>&nbsp;&nbsp;&nbsp;lv_draw_line_dsc_init
</UL>
<BR>[Address Reference Count : 1]<UL><LI> lv_line.o(.rodata.lv_line_class)
</UL>
<P><STRONG><a name="[d4]"></a>lv_slider_constructor</STRONG> (Thumb, 106 bytes, Stack size 8 bytes, lv_slider.o(.text.lv_slider_constructor))
<BR><BR>[Stack]<UL><LI>Max Depth = 320<LI>Call Chain = lv_slider_constructor &rArr; lv_obj_clear_flag &rArr; lv_obj_invalidate &rArr; lv_obj_area_is_visible &rArr; lv_obj_get_transformed_area &rArr; lv_obj_transform_point &rArr;  lv_obj_transform_point (Cycle)
</UL>
<BR>[Calls]<UL><LI><a href="#[209]">&gt;&gt;</a>&nbsp;&nbsp;&nbsp;lv_obj_clear_flag
<LI><a href="#[21d]">&gt;&gt;</a>&nbsp;&nbsp;&nbsp;lv_disp_get_dpi
<LI><a href="#[20a]">&gt;&gt;</a>&nbsp;&nbsp;&nbsp;lv_obj_set_ext_click_area
</UL>
<BR>[Address Reference Count : 1]<UL><LI> lv_slider.o(.rodata.lv_slider_class)
</UL>
<P><STRONG><a name="[d5]"></a>lv_slider_event</STRONG> (Thumb, 1870 bytes, Stack size 240 bytes, lv_slider.o(.text.lv_slider_event))
<BR><BR>[Stack]<UL><LI>Max Depth = 624<LI>Call Chain = lv_slider_event &rArr; lv_bar_set_start_value &rArr; lv_bar_set_value_with_anim &rArr; lv_obj_invalidate &rArr; lv_obj_area_is_visible &rArr; lv_obj_get_transformed_area &rArr; lv_obj_transform_point &rArr;  lv_obj_transform_point (Cycle)
</UL>
<BR>[Calls]<UL><LI><a href="#[164]">&gt;&gt;</a>&nbsp;&nbsp;&nbsp;lv_indev_get_act
<LI><a href="#[1ad]">&gt;&gt;</a>&nbsp;&nbsp;&nbsp;lv_event_get_code
<LI><a href="#[21f]">&gt;&gt;</a>&nbsp;&nbsp;&nbsp;lv_area_increase
<LI><a href="#[1d7]">&gt;&gt;</a>&nbsp;&nbsp;&nbsp;lv_memcpy
<LI><a href="#[26a]">&gt;&gt;</a>&nbsp;&nbsp;&nbsp;lv_obj_refresh_ext_draw_size
<LI><a href="#[21a]">&gt;&gt;</a>&nbsp;&nbsp;&nbsp;lv_draw_rect
<LI><a href="#[214]">&gt;&gt;</a>&nbsp;&nbsp;&nbsp;lv_obj_draw_dsc_init
<LI><a href="#[219]">&gt;&gt;</a>&nbsp;&nbsp;&nbsp;lv_obj_init_draw_rect_dsc
<LI><a href="#[227]">&gt;&gt;</a>&nbsp;&nbsp;&nbsp;lv_obj_calculate_ext_draw_size
<LI><a href="#[15e]">&gt;&gt;</a>&nbsp;&nbsp;&nbsp;lv_obj_get_style_prop
<LI><a href="#[138]">&gt;&gt;</a>&nbsp;&nbsp;&nbsp;_lv_area_is_point_on
<LI><a href="#[21b]">&gt;&gt;</a>&nbsp;&nbsp;&nbsp;lv_indev_get_point
<LI><a href="#[210]">&gt;&gt;</a>&nbsp;&nbsp;&nbsp;lv_group_get_editing
<LI><a href="#[211]">&gt;&gt;</a>&nbsp;&nbsp;&nbsp;lv_group_set_editing
<LI><a href="#[1f3]">&gt;&gt;</a>&nbsp;&nbsp;&nbsp;lv_obj_get_group
<LI><a href="#[1df]">&gt;&gt;</a>&nbsp;&nbsp;&nbsp;lv_indev_get_type
<LI><a href="#[213]">&gt;&gt;</a>&nbsp;&nbsp;&nbsp;lv_event_get_draw_ctx
<LI><a href="#[212]">&gt;&gt;</a>&nbsp;&nbsp;&nbsp;lv_event_get_param
<LI><a href="#[20f]">&gt;&gt;</a>&nbsp;&nbsp;&nbsp;lv_event_get_target
<LI><a href="#[20e]">&gt;&gt;</a>&nbsp;&nbsp;&nbsp;lv_obj_event_base
<LI><a href="#[179]">&gt;&gt;</a>&nbsp;&nbsp;&nbsp;lv_obj_invalidate
<LI><a href="#[16d]">&gt;&gt;</a>&nbsp;&nbsp;&nbsp;lv_event_send
<LI><a href="#[218]">&gt;&gt;</a>&nbsp;&nbsp;&nbsp;lv_draw_rect_dsc_init
<LI><a href="#[6e]">&gt;&gt;</a>&nbsp;&nbsp;&nbsp;lv_obj_get_height
<LI><a href="#[6d]">&gt;&gt;</a>&nbsp;&nbsp;&nbsp;lv_obj_get_width
<LI><a href="#[2c8]">&gt;&gt;</a>&nbsp;&nbsp;&nbsp;position_knob
<LI><a href="#[2c9]">&gt;&gt;</a>&nbsp;&nbsp;&nbsp;lv_bar_get_start_value
<LI><a href="#[2c7]">&gt;&gt;</a>&nbsp;&nbsp;&nbsp;lv_bar_get_value
<LI><a href="#[2c6]">&gt;&gt;</a>&nbsp;&nbsp;&nbsp;lv_bar_get_mode
<LI><a href="#[228]">&gt;&gt;</a>&nbsp;&nbsp;&nbsp;lv_bar_set_start_value
<LI><a href="#[22a]">&gt;&gt;</a>&nbsp;&nbsp;&nbsp;lv_bar_set_value
</UL>
<BR>[Address Reference Count : 1]<UL><LI> lv_slider.o(.rodata.lv_slider_class)
</UL>
<P><STRONG><a name="[2c8]"></a>position_knob</STRONG> (Thumb, 180 bytes, Stack size 32 bytes, lv_slider.o(.text.position_knob))
<BR><BR>[Stack]<UL><LI>Max Depth = 128<LI>Call Chain = position_knob &rArr; lv_obj_get_style_prop &rArr; lv_style_get_prop
</UL>
<BR>[Calls]<UL><LI><a href="#[15e]">&gt;&gt;</a>&nbsp;&nbsp;&nbsp;lv_obj_get_style_prop
</UL>
<BR>[Called By]<UL><LI><a href="#[d5]">&gt;&gt;</a>&nbsp;&nbsp;&nbsp;lv_slider_event
</UL>

<P><STRONG><a name="[342]"></a>_fp_digits</STRONG> (Thumb, 366 bytes, Stack size 64 bytes, printfa.o(i._fp_digits), UNUSED)
<BR><BR>[Calls]<UL><LI><a href="#[f3]">&gt;&gt;</a>&nbsp;&nbsp;&nbsp;__aeabi_ddiv
<LI><a href="#[f1]">&gt;&gt;</a>&nbsp;&nbsp;&nbsp;__aeabi_dmul
<LI><a href="#[eb]">&gt;&gt;</a>&nbsp;&nbsp;&nbsp;__aeabi_uldivmod
<LI><a href="#[f5]">&gt;&gt;</a>&nbsp;&nbsp;&nbsp;__aeabi_dadd
<LI><a href="#[f9]">&gt;&gt;</a>&nbsp;&nbsp;&nbsp;__aeabi_d2ulz
<LI><a href="#[343]">&gt;&gt;</a>&nbsp;&nbsp;&nbsp;__aeabi_cdrcmple
</UL>
<BR>[Called By]<UL><LI><a href="#[338]">&gt;&gt;</a>&nbsp;&nbsp;&nbsp;_printf_core
</UL>

<P><STRONG><a name="[338]"></a>_printf_core</STRONG> (Thumb, 1744 bytes, Stack size 136 bytes, printfa.o(i._printf_core), UNUSED)
<BR><BR>[Calls]<UL><LI><a href="#[eb]">&gt;&gt;</a>&nbsp;&nbsp;&nbsp;__aeabi_uldivmod
<LI><a href="#[346]">&gt;&gt;</a>&nbsp;&nbsp;&nbsp;__aeabi_uidivmod
<LI><a href="#[344]">&gt;&gt;</a>&nbsp;&nbsp;&nbsp;_printf_pre_padding
<LI><a href="#[345]">&gt;&gt;</a>&nbsp;&nbsp;&nbsp;_printf_post_padding
<LI><a href="#[342]">&gt;&gt;</a>&nbsp;&nbsp;&nbsp;_fp_digits
</UL>
<BR>[Called By]<UL><LI><a href="#[33b]">&gt;&gt;</a>&nbsp;&nbsp;&nbsp;__0vprintf
<LI><a href="#[33a]">&gt;&gt;</a>&nbsp;&nbsp;&nbsp;__0sprintf
<LI><a href="#[339]">&gt;&gt;</a>&nbsp;&nbsp;&nbsp;__0snprintf
<LI><a href="#[337]">&gt;&gt;</a>&nbsp;&nbsp;&nbsp;__0printf
</UL>

<P><STRONG><a name="[345]"></a>_printf_post_padding</STRONG> (Thumb, 36 bytes, Stack size 24 bytes, printfa.o(i._printf_post_padding), UNUSED)
<BR><BR>[Called By]<UL><LI><a href="#[338]">&gt;&gt;</a>&nbsp;&nbsp;&nbsp;_printf_core
</UL>

<P><STRONG><a name="[344]"></a>_printf_pre_padding</STRONG> (Thumb, 46 bytes, Stack size 24 bytes, printfa.o(i._printf_pre_padding), UNUSED)
<BR><BR>[Called By]<UL><LI><a href="#[338]">&gt;&gt;</a>&nbsp;&nbsp;&nbsp;_printf_core
</UL>

<P><STRONG><a name="[b0]"></a>_snputc</STRONG> (Thumb, 22 bytes, Stack size 0 bytes, printfa.o(i._snputc))
<BR>[Address Reference Count : 1]<UL><LI> printfa.o(i.__0snprintf)
</UL>
<P><STRONG><a name="[b1]"></a>_sputc</STRONG> (Thumb, 10 bytes, Stack size 0 bytes, printfa.o(i._sputc))
<BR><BR>[Called By]<UL><LI><a href="#[33a]">&gt;&gt;</a>&nbsp;&nbsp;&nbsp;__0sprintf
</UL>
<BR>[Address Reference Count : 1]<UL><LI> printfa.o(i.__0sprintf)
</UL><P>
<H3>
Undefined Global Symbols
</H3><HR></body></html>
