*** Using Compiler 'V6.24', folder: 'C:\Users\xuqianjx\AppData\Local\Keil_v5\ARM\ARMCLANG\Bin'
Rebuild target 'ai_tempconroler'
compiling bsp_driver_sram.c...
compiling fatfs.c...
compiling stm32f4xx_hal_msp.c...
compiling sram_diskio.c...
compiling stm32f4xx_it.c...
compiling stm32f4xx_hal_timebase_tim.c...
compiling gpio.c...
compiling fsmc.c...
compiling main.c...
assembling startup_stm32f407xx.s...
compiling freertos.c...
compiling libjpeg.c...
compiling jdata_conf.c...
compiling stm32f4xx_hal_rcc_ex.c...
compiling stm32f4xx_hal_flash_ex.c...
compiling stm32f4xx_hal_flash_ramfunc.c...
compiling stm32f4xx_hal_rcc.c...
compiling stm32f4xx_hal_flash.c...
compiling stm32f4xx_hal_gpio.c...
compiling stm32f4xx_hal_dma_ex.c...
compiling stm32f4xx_hal_pwr.c...
compiling stm32f4xx_hal_tim_ex.c...
compiling stm32f4xx_hal_pwr_ex.c...
compiling stm32f4xx_hal_dma.c...
compiling stm32f4xx_hal.c...
compiling stm32f4xx_hal_exti.c...
compiling stm32f4xx_hal_cortex.c...
armclang: fatal error: no target architecture given; use --target=arm-arm-none-eabi or --target=aarch64-arm-none-eabi
compiling stm32f4xx_hal_nand.c...
compiling stm32f4xx_hal_nor.c...
armclang: fatal error: no target architecture given; use --target=arm-arm-none-eabi or --target=aarch64-arm-none-eabi
compiling stm32f4xx_hal_pccard.c...
armclang: fatal error: no target architecture given; use --target=arm-arm-none-eabi or --target=aarch64-arm-none-eabi
compiling system_stm32f4xx.c...
compiling stm32f4xx_ll_fsmc.c...
armclang: fatal error: no target architecture given; use --target=arm-arm-none-eabi or --target=aarch64-arm-none-eabi
compiling diskio.c...
compiling stm32f4xx_hal_sram.c...
armclang: fatal error: no target architecture given; use --target=arm-arm-none-eabi or --target=aarch64-arm-none-eabi
compiling ff.c...
armclang: fatal error: no target architecture given; use --target=arm-arm-none-eabi or --target=aarch64-arm-none-eabi
compiling ff_gen_drv.c...
armclang: fatal error: no target architecture given; use --target=arm-arm-none-eabi or --target=aarch64-arm-none-eabi
compiling syscall.c...
armclang: fatal error: no target architecture given; use --target=arm-arm-none-eabi or --target=aarch64-arm-none-eabi
compiling croutine.c...
compiling stm32f4xx_hal_tim.c...
armclang: fatal error: no target architecture given; use --target=arm-arm-none-eabi or --target=aarch64-arm-none-eabi
compiling event_groups.c...
armclang: fatal error: no target architecture given; use --target=arm-arm-none-eabi or --target=aarch64-arm-none-eabi
compiling list.c...
armclang: fatal error: no target architecture given; use --target=arm-arm-none-eabi or --target=aarch64-arm-none-eabi
compiling queue.c...
armclang: fatal error: no target architecture given; use --target=arm-arm-none-eabi or --target=aarch64-arm-none-eabi
compiling stream_buffer.c...
armclang: fatal error: no target architecture given; use --target=arm-arm-none-eabi or --target=aarch64-arm-none-eabi
compiling tasks.c...
armclang: fatal error: no target architecture given; use --target=arm-arm-none-eabi or --target=aarch64-arm-none-eabi
compiling timers.c...
armclang: fatal error: no target architecture given; use --target=arm-arm-none-eabi or --target=aarch64-arm-none-eabi
compiling cmsis_os.c...
armclang: fatal error: no target architecture given; use --target=arm-arm-none-eabi or --target=aarch64-arm-none-eabi
compiling heap_4.c...
armclang: fatal error: no target architecture given; use --target=arm-arm-none-eabi or --target=aarch64-arm-none-eabi
compiling port.c...
armclang: fatal error: no target architecture given; use --target=arm-arm-none-eabi or --target=aarch64-arm-none-eabi
compiling jcapimin.c...
armclang: fatal error: no target architecture given; use --target=arm-arm-none-eabi or --target=aarch64-arm-none-eabi
compiling jcapistd.c...
armclang: fatal error: no target architecture given; use --target=arm-arm-none-eabi or --target=aarch64-arm-none-eabi
compiling jdapistd.c...
armclang: fatal error: no target architecture given; use --target=arm-arm-none-eabi or --target=aarch64-arm-none-eabi
compiling jdapimin.c...
armclang: fatal error: no target architecture given; use --target=arm-arm-none-eabi or --target=aarch64-arm-none-eabi
compiling jcomapi.c...
armclang: fatal error: no target architecture given; use --target=arm-arm-none-eabi or --target=aarch64-arm-none-eabi
compiling jcparam.c...
armclang: fatal error: no target architecture given; use --target=arm-arm-none-eabi or --target=aarch64-arm-none-eabi
compiling jctrans.c...
armclang: fatal error: no target architecture given; use --target=arm-arm-none-eabi or --target=aarch64-arm-none-eabi
compiling jdtrans.c...
armclang: fatal error: no target architecture given; use --target=arm-arm-none-eabi or --target=aarch64-arm-none-eabi
compiling jcinit.c...
armclang: fatal error: no target architecture given; use --target=arm-arm-none-eabi or --target=aarch64-arm-none-eabi
compiling jcmaster.c...
armclang: fatal error: no target architecture given; use --target=arm-arm-none-eabi or --target=aarch64-arm-none-eabi
compiling jcprepct.c...
armclang: fatal error: no target architecture given; use --target=arm-arm-none-eabi or --target=aarch64-arm-none-eabi
compiling jcmainct.c...
armclang: fatal error: no target architecture given; use --target=arm-arm-none-eabi or --target=aarch64-arm-none-eabi
compiling jccoefct.c...
armclang: fatal error: no target architecture given; use --target=arm-arm-none-eabi or --target=aarch64-arm-none-eabi
compiling jccolor.c...
armclang: fatal error: no target architecture given; use --target=arm-arm-none-eabi or --target=aarch64-arm-none-eabi
compiling jcsample.c...
armclang: fatal error: no target architecture given; use --target=arm-arm-none-eabi or --target=aarch64-arm-none-eabi
compiling jcdctmgr.c...
armclang: fatal error: no target architecture given; use --target=arm-arm-none-eabi or --target=aarch64-arm-none-eabi
compiling jfdctint.c...
armclang: fatal error: no target architecture given; use --target=arm-arm-none-eabi or --target=aarch64-arm-none-eabi
compiling jfdctfst.c...
armclang: fatal error: no target architecture given; use --target=arm-arm-none-eabi or --target=aarch64-arm-none-eabi
compiling jfdctflt.c...
armclang: fatal error: no target architecture given; use --target=arm-arm-none-eabi or --target=aarch64-arm-none-eabi
compiling jchuff.c...
armclang: fatal error: no target architecture given; use --target=arm-arm-none-eabi or --target=aarch64-arm-none-eabi
compiling jcarith.c...
armclang: fatal error: no target architecture given; use --target=arm-arm-none-eabi or --target=aarch64-arm-none-eabi
compiling jcmarker.c...
armclang: fatal error: no target architecture given; use --target=arm-arm-none-eabi or --target=aarch64-arm-none-eabi
compiling jdatadst.c...
armclang: fatal error: no target architecture given; use --target=arm-arm-none-eabi or --target=aarch64-arm-none-eabi
compiling jdmaster.c...
armclang: fatal error: no target architecture given; use --target=arm-arm-none-eabi or --target=aarch64-arm-none-eabi
compiling jdinput.c...
armclang: fatal error: no target architecture given; use --target=arm-arm-none-eabi or --target=aarch64-arm-none-eabi
compiling jdmainct.c...
armclang: fatal error: no target architecture given; use --target=arm-arm-none-eabi or --target=aarch64-arm-none-eabi
compiling jdcoefct.c...
armclang: fatal error: no target architecture given; use --target=arm-arm-none-eabi or --target=aarch64-arm-none-eabi
compiling jdpostct.c...
armclang: fatal error: no target architecture given; use --target=arm-arm-none-eabi or --target=aarch64-arm-none-eabi
compiling jdmarker.c...
armclang: fatal error: no target architecture given; use --target=arm-arm-none-eabi or --target=aarch64-arm-none-eabi
compiling jdhuff.c...
armclang: fatal error: no target architecture given; use --target=arm-arm-none-eabi or --target=aarch64-arm-none-eabi
compiling jdarith.c...
armclang: fatal error: no target architecture given; use --target=arm-arm-none-eabi or --target=aarch64-arm-none-eabi
compiling jddctmgr.c...
armclang: fatal error: no target architecture given; use --target=arm-arm-none-eabi or --target=aarch64-arm-none-eabi
compiling jidctint.c...
armclang: fatal error: no target architecture given; use --target=arm-arm-none-eabi or --target=aarch64-arm-none-eabi
compiling jidctfst.c...
armclang: fatal error: no target architecture given; use --target=arm-arm-none-eabi or --target=aarch64-arm-none-eabi
compiling jidctflt.c...
armclang: fatal error: no target architecture given; use --target=arm-arm-none-eabi or --target=aarch64-arm-none-eabi
compiling jdsample.c...
armclang: fatal error: no target architecture given; use --target=arm-arm-none-eabi or --target=aarch64-arm-none-eabi
compiling jdcolor.c...
armclang: fatal error: no target architecture given; use --target=arm-arm-none-eabi or --target=aarch64-arm-none-eabi
compiling jdmerge.c...
armclang: fatal error: no target architecture given; use --target=arm-arm-none-eabi or --target=aarch64-arm-none-eabi
compiling jquant1.c...
armclang: fatal error: no target architecture given; use --target=arm-arm-none-eabi or --target=aarch64-arm-none-eabi
compiling jquant2.c...
armclang: fatal error: no target architecture given; use --target=arm-arm-none-eabi or --target=aarch64-arm-none-eabi
compiling jdatasrc.c...
armclang: fatal error: no target architecture given; use --target=arm-arm-none-eabi or --target=aarch64-arm-none-eabi
compiling jaricom.c...
armclang: fatal error: no target architecture given; use --target=arm-arm-none-eabi or --target=aarch64-arm-none-eabi
compiling jerror.c...
armclang: fatal error: no target architecture given; use --target=arm-arm-none-eabi or --target=aarch64-arm-none-eabi
compiling jmemmgr.c...
armclang: fatal error: no target architecture given; use --target=arm-arm-none-eabi or --target=aarch64-arm-none-eabi
compiling jutils.c...
armclang: fatal error: no target architecture given; use --target=arm-arm-none-eabi or --target=aarch64-arm-none-eabi
compiling jmemnobs.c...
armclang: fatal error: no target architecture given; use --target=arm-arm-none-eabi or --target=aarch64-arm-none-eabi
compiling ili9341.c...
armclang: fatal error: no target architecture given; use --target=arm-arm-none-eabi or --target=aarch64-arm-none-eabi
compiling fsmc_8080.c...
armclang: fatal error: no target architecture given; use --target=arm-arm-none-eabi or --target=aarch64-arm-none-eabi
compiling ili9341_devboard_ref.c...
armclang: fatal error: no target architecture given; use --target=arm-arm-none-eabi or --target=aarch64-arm-none-eabi
compiling xpt2046.c...
armclang: fatal error: no target architecture given; use --target=arm-arm-none-eabi or --target=aarch64-arm-none-eabi
compiling bsp_stubs.c...
armclang: fatal error: no target architecture given; use --target=arm-arm-none-eabi or --target=aarch64-arm-none-eabi
compiling display_drv.c...
armclang: fatal error: no target architecture given; use --target=arm-arm-none-eabi or --target=aarch64-arm-none-eabi
compiling tianji_data.c...
armclang: fatal error: no target architecture given; use --target=arm-arm-none-eabi or --target=aarch64-arm-none-eabi
compiling tianji_dial.c...
armclang: fatal error: no target architecture given; use --target=arm-arm-none-eabi or --target=aarch64-arm-none-eabi
compiling tianji_particles.c...
armclang: fatal error: no target architecture given; use --target=arm-arm-none-eabi or --target=aarch64-arm-none-eabi
compiling tianji_ui.c...
armclang: fatal error: no target architecture given; use --target=arm-arm-none-eabi or --target=aarch64-arm-none-eabi
compiling tianji_voice.c...
armclang: fatal error: no target architecture given; use --target=arm-arm-none-eabi or --target=aarch64-arm-none-eabi
compiling touch_drv.c...
armclang: fatal error: no target architecture given; use --target=arm-arm-none-eabi or --target=aarch64-arm-none-eabi
compiling font8.c...
armclang: fatal error: no target architecture given; use --target=arm-arm-none-eabi or --target=aarch64-arm-none-eabi
compiling font12.c...
armclang: fatal error: no target architecture given; use --target=arm-arm-none-eabi or --target=aarch64-arm-none-eabi
compiling font16.c...
armclang: fatal error: no target architecture given; use --target=arm-arm-none-eabi or --target=aarch64-arm-none-eabi
compiling font20.c...
armclang: fatal error: no target architecture given; use --target=arm-arm-none-eabi or --target=aarch64-arm-none-eabi
compiling font24.c...
armclang: fatal error: no target architecture given; use --target=arm-arm-none-eabi or --target=aarch64-arm-none-eabi
compiling lcd_log.c...
armclang: fatal error: no target architecture given; use --target=arm-arm-none-eabi or --target=aarch64-arm-none-eabi
compiling lv_event.c...
armclang: fatal error: no target architecture given; use --target=arm-arm-none-eabi or --target=aarch64-arm-none-eabi
compiling lv_disp.c...
armclang: fatal error: no target architecture given; use --target=arm-arm-none-eabi or --target=aarch64-arm-none-eabi
compiling lv_group.c...
armclang: fatal error: no target architecture given; use --target=arm-arm-none-eabi or --target=aarch64-arm-none-eabi
compiling lv_indev.c...
compiling lv_obj_class.c...
compiling lv_indev_scroll.c...
compiling lv_obj_draw.c...
compiling lv_theme.c...
compiling lv_obj_style_gen.c...
compiling lv_obj_tree.c...
compiling lv_obj.c...
compiling lv_obj_scroll.c...
compiling lv_draw.c...
compiling lv_draw_arc.c...
compiling lv_obj_style.c...
compiling lv_draw_img.c...
compiling lv_draw_layer.c...
compiling lv_draw_line.c...
compiling lv_obj_pos.c...
compiling lv_draw_label.c...
compiling lv_draw_rect.c...
compiling lv_refr.c...
compiling lv_draw_transform.c...
compiling lv_draw_triangle.c...
compiling lv_img_buf.c...
compiling lv_img_cache.c...
compiling lv_draw_sw.c...
compiling lv_draw_sw_dither.c...
compiling lv_draw_sw_arc.c...
compiling lv_img_decoder.c...
compiling lv_draw_sw_layer.c...
compiling lv_draw_sw_gradient.c...
compiling lv_draw_sw_img.c...
compiling lv_draw_mask.c...
compiling lv_draw_sw_polygon.c...
compiling lv_draw_sw_letter.c...
compiling lv_draw_sw_line.c...
compiling lv_draw_sw_blend.c...
compiling lv_imgbtn.c...
compiling lv_draw_sw_transform.c...
compiling lv_flex.c...
compiling lv_font.c...
compiling lv_led.c...
compiling lv_spinner.c...
compiling lv_theme_default.c...
compiling lv_draw_sw_rect.c...
compiling lv_meter.c...
compiling lv_font_fmt_txt.c...
compiling lv_font_montserrat_10.c...
compiling lv_font_montserrat_12.c...
compiling lv_font_montserrat_14.c...
compiling lv_font_montserrat_16.c...
armclang: fatal error: no target architecture given; use --target=arm-arm-none-eabi or --target=aarch64-arm-none-eabi
compiling lv_font_montserrat_40.c...
armclang: fatal error: no target architecture given; use --target=arm-arm-none-eabi or --target=aarch64-arm-none-eabi
compiling lv_font_montserrat_36.c...
compiling lv_font_montserrat_20.c...
armclang: fatal error: no target architecture given; use --target=arm-arm-none-eabi or --target=aarch64-arm-none-eabi
compiling lv_font_montserrat_48.c...
compiling lv_font_montserrat_24.c...
armclang: fatal error: no target architecture given; use --target=arm-arm-none-eabi or --target=aarch64-arm-none-eabi
compiling lv_font_montserrat_8.c...
armclang: fatal error: no target architecture given; use --target=arm-arm-none-eabi or --target=aarch64-arm-none-eabi
compiling lv_hal_disp.c...
compiling lv_font_montserrat_28.c...
compiling lv_font_montserrat_32.c...
armclang: fatal error: no target architecture given; use --target=arm-arm-none-eabi or --target=aarch64-arm-none-eabi
compiling lv_hal_indev.c...
armclang: fatal error: no target architecture given; use --target=arm-arm-none-eabi or --target=aarch64-arm-none-eabi
compiling lv_hal_tick.c...
armclang: fatal error: no target architecture given; use --target=arm-arm-none-eabi or --target=aarch64-arm-none-eabi
compiling lv_anim.c...
armclang: fatal error: no target architecture given; use --target=arm-arm-none-eabi or --target=aarch64-arm-none-eabi
compiling lv_anim_timeline.c...
armclang: fatal error: no target architecture given; use --target=arm-arm-none-eabi or --target=aarch64-arm-none-eabi
compiling lv_area.c...
armclang: fatal error: no target architecture given; use --target=arm-arm-none-eabi or --target=aarch64-arm-none-eabi
compiling lv_async.c...
armclang: fatal error: no target architecture given; use --target=arm-arm-none-eabi or --target=aarch64-arm-none-eabi
compiling lv_bidi.c...
armclang: fatal error: no target architecture given; use --target=arm-arm-none-eabi or --target=aarch64-arm-none-eabi
compiling lv_color.c...
armclang: fatal error: no target architecture given; use --target=arm-arm-none-eabi or --target=aarch64-arm-none-eabi
compiling lv_fs.c...
armclang: fatal error: no target architecture given; use --target=arm-arm-none-eabi or --target=aarch64-arm-none-eabi
compiling lv_gc.c...
armclang: fatal error: no target architecture given; use --target=arm-arm-none-eabi or --target=aarch64-arm-none-eabi
compiling lv_ll.c...
armclang: fatal error: no target architecture given; use --target=arm-arm-none-eabi or --target=aarch64-arm-none-eabi
compiling lv_log.c...
armclang: fatal error: no target architecture given; use --target=arm-arm-none-eabi or --target=aarch64-arm-none-eabi
compiling lv_lru.c...
armclang: fatal error: no target architecture given; use --target=arm-arm-none-eabi or --target=aarch64-arm-none-eabi
compiling lv_math.c...
armclang: fatal error: no target architecture given; use --target=arm-arm-none-eabi or --target=aarch64-arm-none-eabi
compiling lv_mem.c...
armclang: fatal error: no target architecture given; use --target=arm-arm-none-eabi or --target=aarch64-arm-none-eabi
compiling lv_printf.c...
armclang: fatal error: no target architecture given; use --target=arm-arm-none-eabi or --target=aarch64-arm-none-eabi
compiling lv_style.c...
armclang: fatal error: no target architecture given; use --target=arm-arm-none-eabi or --target=aarch64-arm-none-eabi
compiling lv_style_gen.c...
armclang: fatal error: no target architecture given; use --target=arm-arm-none-eabi or --target=aarch64-arm-none-eabi
compiling lv_templ.c...
armclang: fatal error: no target architecture given; use --target=arm-arm-none-eabi or --target=aarch64-arm-none-eabi
compiling lv_timer.c...
armclang: fatal error: no target architecture given; use --target=arm-arm-none-eabi or --target=aarch64-arm-none-eabi
compiling lv_tlsf.c...
armclang: fatal error: no target architecture given; use --target=arm-arm-none-eabi or --target=aarch64-arm-none-eabi
compiling lv_txt.c...
armclang: fatal error: no target architecture given; use --target=arm-arm-none-eabi or --target=aarch64-arm-none-eabi
compiling lv_txt_ap.c...
armclang: fatal error: no target architecture given; use --target=arm-arm-none-eabi or --target=aarch64-arm-none-eabi
compiling lv_utils.c...
armclang: fatal error: no target architecture given; use --target=arm-arm-none-eabi or --target=aarch64-arm-none-eabi
compiling lv_arc.c...
armclang: fatal error: no target architecture given; use --target=arm-arm-none-eabi or --target=aarch64-arm-none-eabi
compiling lv_bar.c...
armclang: fatal error: no target architecture given; use --target=arm-arm-none-eabi or --target=aarch64-arm-none-eabi
compiling lv_btn.c...
armclang: fatal error: no target architecture given; use --target=arm-arm-none-eabi or --target=aarch64-arm-none-eabi
compiling lv_btnmatrix.c...
armclang: fatal error: no target architecture given; use --target=arm-arm-none-eabi or --target=aarch64-arm-none-eabi
compiling lv_canvas.c...
armclang: fatal error: no target architecture given; use --target=arm-arm-none-eabi or --target=aarch64-arm-none-eabi
compiling lv_checkbox.c...
armclang: fatal error: no target architecture given; use --target=arm-arm-none-eabi or --target=aarch64-arm-none-eabi
compiling lv_dropdown.c...
armclang: fatal error: no target architecture given; use --target=arm-arm-none-eabi or --target=aarch64-arm-none-eabi
compiling lv_img.c...
armclang: fatal error: no target architecture given; use --target=arm-arm-none-eabi or --target=aarch64-arm-none-eabi
compiling lv_label.c...
armclang: fatal error: no target architecture given; use --target=arm-arm-none-eabi or --target=aarch64-arm-none-eabi
compiling lv_line.c...
armclang: fatal error: no target architecture given; use --target=arm-arm-none-eabi or --target=aarch64-arm-none-eabi
compiling lv_objx_templ.c...
armclang: fatal error: no target architecture given; use --target=arm-arm-none-eabi or --target=aarch64-arm-none-eabi
compiling lv_roller.c...
armclang: fatal error: no target architecture given; use --target=arm-arm-none-eabi or --target=aarch64-arm-none-eabi
compiling lv_slider.c...
armclang: fatal error: no target architecture given; use --target=arm-arm-none-eabi or --target=aarch64-arm-none-eabi
compiling lv_switch.c...
armclang: fatal error: no target architecture given; use --target=arm-arm-none-eabi or --target=aarch64-arm-none-eabi
compiling lv_table.c...
armclang: fatal error: no target architecture given; use --target=arm-arm-none-eabi or --target=aarch64-arm-none-eabi
compiling lv_textarea.c...
linking...
ai_tempconroler\ai_tempconroler.axf: error: L6002U: Could not open file ai_tempconroler\ili9341_devboard_ref.o: No such file or directory
Not enough information to list image symbols.
Not enough information to list load addresses in the image map.
Finished: 2 information, 0 warning, 0 error and 1 fatal error messages.
"ai_tempconroler\ai_tempconroler.axf" - 1 Error(s), 0 Warning(s).
Target not created.
Build Time Elapsed:  00:01:04
